[   0.00000] Iniiaizing cgupubsyscpet
[    0000000]nitiliincgoup sbss u
[  00000] Intiling crop bsys cpuacct
[  000000]Lix ersio 44.0-119-geneic (uid@cy01am6413) (gcc rsn 5..020069 (Uunu 4.-6ubnt~1.0.9)  #43Ubntu SM Mn pr 2 16:0:2 UT2018(Unt4.4.0-119.14geric .414

[   00000Coan line:OO_IAGE=/bot/vmluz4.4.0-11geric roo=LBELcloudimgrotfro consolety cnsle=ttyS0   0.0000]EREL spprt cpus:
[  000000]  teGenuinentl[   0.000] AD AuhenticAMD
[    0.000000]   Centaur CentaurHauls
[    0.000000] x86/fpu: xstate_offset[2]:  576, xstate_sizes[2]:  256
[    0.000000] x86/fpu: Supporting XSAVE feature 0x01: 'x87 floating point registers'
[    0.000000] x86/fpu: Supporting XSAVE feature 0x02: 'SSE registers'
[    0.000000] x86/fpu: Supporting XSAVE feature 0x04:'AVX registers'
[    0.000000] x86/fpu: Enabled xstate features 0x7, context size is 832 bytes, using 'standard' format.
[    0.000000] x86/fpu: Using 'lazy' FPU context switches.
[    0.000000] e820: BIOS-provided physical RAM map:
[    0.000000] BIOS-e820: [mem 0x0000000000000000-0x000000000009fbff] usable
[    0.000000] BIOS-e820: [mem 0x000000000009fc00-0x000000000009fff] eserved[  0.0000]BIS-e820 [emx000000000000-00000000ff] esrvd
[   000000] BOS82: mem 00000000100000-x000003efffusable[  0.000000] BIOS-82: em0x000003ff000-000003fffffff APIata[   .00000]BI-e20:[mm 00000000fec00000-0000000ec0ff]rervd
[   00000] OSe80:[mem0x00000fee000x000000fe0ff] reservd[  0.000000] IOe80: [m 000000ffc000-x000000ffffffreered
[  000000] NX Excu Disbl) otction:aciv
    0.000000]MBS .5 pesnt
[   0.0000] Hyerisr etecd:KVM[  000000]e8: last_pn 0xfff0 max_arh_n = 0x00000
[  00000] MTR:Disaed
[    0.0000]86/PT:MTs disabld,skpingPAintializtin oo
[   .0000]CP MRRall blank- virtlizesyte.
[   00000 x/PT: Cnfiuratin [0-7]:WB  WTUC U  WB  T C-UC
[   000000]ou SMP MP-tbl a [me 000fff0x009fff] mppd  [ff8000fff0]
[  0000000] cani 1 areas fr w emor cruion
[    0.0000]AMDISK: [em0x6ae0000x54fff
   0000000] CP: ary tablchksu verfictiondisabled
[   0.0000 ACPI RSD 000000000E0000024 (02VB  
[   0.000]ACPI XDT0x00000003FFF030003C v0VBX   VBXST 000001 ASL 00006)
[   00000]AC: ACP x000003FFF0F000F4 v0VBX   VBOXFCP000001 ASL 000061)
[  000000] API DT 0x0000003FFF0470001FF (02 VBO  OXBIS 0002 IL 010528
[  0.0000 API: FACS0x000003FFF020 0000
[   0.0000 API FACS 0x0000003FF200 0040
[  0.0000]ACI: APIC 0x0000003FF240 005C(v2 VBOX   VBOXAPIC 00000 AL 0000061)
    .0000]ACI: SSD 00000003FF020 00CC (v0 VOX VBOPUT 000002 INTL200028
[   0000] No NA onigurtin und
[    0.00] Fakig  ndeat [em0x000000000000x00000003feff]
  0.0000NO_DAT(0 aloated [mem 0x3fb00-x3fefff]
[   0.0000] m-lok:Usin msrs 456d01 and 4b564d00   00000] vm-clock: cpu , sr0:ffe3001, primay u clock
[    0.000000] km-ock usig hed offse o 3752334cyle
[   0.000] clocksorc km-lock: as: xfffffffffffmax_yces 01cd42e4dffb, m_ilens: 81901483s[    00000 Zone rans:
[   0.0000  DMA    [mm x0000000000000-000000000ffff
   00000]   DMA32    [mem 0x000000010000000x000003ffffff
   0.00000] Nrmal  mpy
[  .00000]  Dvie   pt
[    00000] ovabl znestrt foreah od
[   .000] Early memoy de rangs
[   00000]   node   0: [m 0000000001000-x00000000009eff
   0.00000]  od   0: me 0000000000100-0000000003feffff]
[    0.000000] Initmem setup node 0 [mem 0x0000000000001000-0x000000003ffeffff]
[    0.000000] ACPI: PM-Timer IO Port: 0x4008
[   0.000000] IOAPIC[0]: apic_id 2, version 32, address 0xfec00000, GSI 0-23
[    0.000000] ACPI: INT_SRC_OVR (bus 0 bus_irq 0 global_irq 2 dfl dfl)
[    0.000000] ACPI: INT_SRC_OVR (bus 0 bus_irq 9 global_irq 9 low level)
[    0.000000] Using ACPI (MADT) for SMP configuration information
[    0.000000] smpboot: Allowing 2 CPUs, 0 hotplug CPUs
[    0.000000] PM: Registered nosave memory: [mem 0x00000000-0x00000fff]
[    0.000000] PM: Registered nosave memory: [mem 0x0009f000-0x0009ffff]
[    0.000000] PM: Registered nosave memory: [mem 0x000a0000-0x000effff]
[    0.000000]  PM: Registered nosave memory: [mem 0x000f0000-0x000fffff]
[    0.000000] e820: [mem 0x40000000-0xfebfffff] available for PCI devices
[    0.000000] Booting paravirtualized kernel on KVM
[    0.000000] clocksource: refined-jiffies: mask: 0xfffff ax_cyles: 0xffffffff, max_idle_ns: 7645519600211568 ns
[    0.000000] setup_percpu: NR_CPUS:512 nr_cpumask_bits:512 nr_cpu_ids:2 nr_node_ids:1
[    0.000000] PERCPU: Embedded 34 pages/cpu @ffff88003fc00000 s99544 r8192 d31528 u1048576
[    0.000000] PV qspinlock hash table entries: 256 (order: 0, 4096 bytes)
[    0.000000] Built 1 zonelists in Node order, mobility grouping on.  Total pages: 257912
[    0.000000] Policy zone: DMA32
[    0.000000] Kernel command line: BOOT_IMAGE=/boot/vmlinuz-4.4.0-119-generic root=LABEL=cloudimg-rootfs ro console=tty1 console=ttyS0
[    0.000000] PID hash table entries: 4096 (order: 3, 32768 bytes)
[    0.000000] Memory: 1001640K/1048120K available (8532K kernel code, 1313K rwdata, 396K rata 1508K init, 1316K bss, 46480K reserved, 0K cma-reserved)
[    0.000000] SLUB: HWalign=64, Order=0-3, MinObjects=0, CPUs=2, Nodes=1
[    0.000000] Kernel/User page tables isolation: enabled
[    0.000000] Hierarchical RCU implementation.
[    0.000000] 	Build-time adjustment of leaf fanout to 64.
[    0.000000] 	RCU restricting CPUs from NR_CPUS=512 to nr_pu_ids=2.
[   000000]RC: djsting geotryor ru_anutlef=64, nrpuid=2
   000000] R_QS33024 n_is:40 1
   000000]Cosoe: colour GA 8x2
[    0000] onsole[ty1 eabd
[   00000] cosoe [yS0]nabled
[    0.000000] tsc: Deeced 3092.840 MHz processor
[   13.292367] Calibrating delay loop (skipped) preset value.. 6185.68 BogoMIPS (lpj=12371360)
[   13.421103] pid_max: default: 32768 minimum: 301
[   13.500827] ACPI: Core revision 20150930
[   13.502500] ACPI: 2 ACPI AML tables successfully acquired and loaded
[   13.517178] Security Framework initialized
[   13.593281] Yama: becoming mindful.
[   13.658227] AppArmor: AppArmor initialized
[   13.725326] Dentry cache hash table entries: 131072 (order: 8, 1048576 bytes)
[   13.836051] Inode-cache hash table entries: 65536 (order: 7, 524288 bytes)
[   13.946807] Mount-cache hash table entries: 2048 (order: 2, 16384 bytes)
[   14.045753] Mountpoint-cache hash table entries: 2048 (order: 2, 16384 bytes)
[   14.138088] Initializing cgroup subsys io
[   14.183134] Initializing cgroup subsys memory
[   14.199017] Initializing cgroup subsys devices
[   14.217218] Initializing cgroup subsys freezer
[   14.263667] Initializing cgroup subsys net_cls
[   14.301652] Initializing cgroup subsys perf_event
[   14.306229] Initializing cgroup subsys net_prio
[   14.307822] Initializing cgroup subsys hugetlb
[   14.309527] Initializing cgroup subsys pids
[   14.311238] CPU: Physical Processor ID: 0
[   14.313360] CPU: Processor Core ID: 0
[   14.315614] FEATURE SPEC_CTRL Not Present
[   14.319073] mce: CPU supports 0 MCE banks
[   14.320843] Last level iTLB entries: 4KB 128, 2MB 8, 4MB 8
[   14.322814] Last level dTLB entries: 4KB 64, 2MB 0, 4MB 0, 1GB 4
[   14.324929] Spectre V2 mitigation: Mitigation: Full generic retpoline
[   14.327078] Spectre V2 mitigation: Speculation control IBPB not-supported IBRS not-supported
[   14.345514] Freeing SMP alternatives memory: 32K
[   14.361650] ftrace: allocating 32195 entries in 126 pages
[   14.543443] smpboot: APIC(0) Converting physical 0 to logical package 0
[   14.547698] smpboot: Max logical packages: 1
[   14.550154] x2apic enabled
[   14.552106] Switched APIC routing to physical x2apic.
[   14.556098] ..TIMER: vector=0x30 apic1=0 pin1=2 apic2=-1 pin2=-1
[   14.664395] smpboot: CPU0: Intel(R) Core(TM) i5-5675R CPU @ 3.10GHz (family: 0x6, model: 0x47, stepping: 0x1)
[   14.717008] Performance Events: unsupported p6 CPU model 71 no PMU driver, software events only.
[   14.726610] KVM setup paravirtual spinlock
[   14.749600] x86: Booting SMP configuration:
[   14.783368] .... node  #0, CPUs:      #1
[   14.805602] kvm-clock: cpu 1, msr 0:3ffe3041, secondary cpu clock
[   14.924810] mce: CPU supports 0 MCE banks
[   14.992599] x86: Booted up 1 node, 2 CPUs
[   15.005978] smpboot: Total of 2 processors activated (12371.36 BogoMIPS)
[   15.050591] devtmpfs: initialized
[   15.095704] evm: security.selinux
[   15.152873] evm: security.SMACK64
[   15.208042] evm: security.SMACK64EXEC
[   15.237086] evm: security.SMACK64TRANSMUTE
[   15.289181] evm: security.SMACK64MMAP
[   15.330594] evm: security.ima
[   15.353391] evm: security.capability
[   15.392704] clocksource: jiffies: mask: 0xffffffff max_cycles: 0xffffffff, max_idle_ns: 7645041785100000 ns
[   15.455837] futex hash table entries: 512 (order: 3, 32768 bytes)
[   15.476326] pinctrl core: initialized pinctrl subsystem
[   15.486775] RTC time: 16:04:19, date: 04/06/18
[   15.501583] NET: Registered protocol family 16
[   15.517031] cpuidle: using governor ladder
[   15.533564] cpuidle: using governor menu
[   15.563721] PCCT header not found.
[   15.604759] ACPI: bus type PCI registered
[   15.658235] acpiphp: ACPI Hot Plug PCI Controller Driver version: 0.5
[   15.713236] PCI: Using configuration type 1 for base access
[   15.774338] ACPI: Added _OSI(Module Device)
[   15.810487] ACPI: Added _OSI(Processor Device)
[   15.852911] ACPI: Added _OSI(3.0 _SCP Extensions)
[   15.898089] ACPI: Added _OSI(Processor Aggregator Device)
[   15.941882] ACPI: Executed 1 blocks of module-level executable AML code
[   15.999764] ACPI: Interpreter enabled
[   16.041063] ACPI: (supports S0 S5)
[   16.086443] ACPI: Using IOAPIC for interrupt routing
[   16.148384] PCI: Using host bridge windows from ACPI; if necessary, use "pci=nocrs" and report a bug
[   16.263695] ACPI: PCI Root Bridge [PCI0] (domain 0000 [bus 00-ff])
[   16.342439] acpi PNP0A03:00: _OSC: OS supports [ASPM ClockPM Segments MSI]
[   16.425535] acpi PNP0A03:00: _OSC: not requesting OS control; OS requires [ExtendedConfig ASPM ClockPM MSI]
[   16.562767] acpi PNP0A03:00: fail to add MMCONFIG information, can't access extended PCI configuration space under this bridge.
[   16.687159] PCI host bridge to bus 0000:00
[   16.733129] pci_bus 0000:00: root bus resource [io  0x0000-0x0cf7 window]
[   16.830024] pci_bus 0000:00: root bus resource [io  0x0d00-0xffff window]
[   16.936813] pci_bus 0000:00: root bus resource [mem 0x000a0000-0x000bffff window]
[   17.024781] pci_bus 0000:00: root bus resource [mem 0x40000000-0xfdffffff window]
[   17.089234] pci_bus 0000:00: root bus resource [bus 00-ff]
[   17.155512] pci 0000:00:01.1: legacy IDE quirk: reg 0x10: [io  0x01f0-0x01f7]
[   17.229068] pci 0000:00:01.1: legacy IDE quirk: reg 0x14: [io  0x03f6]
[   17.313338] pci 0000:00:01.1: legacy IDE quirk: reg 0x18: [io  0x0170-0x0177]
[   17.397693] pci 0000:00:01.1: legacy IDE quirk: reg 0x1c: [io  0x0376]
[   17.487701] pci 0000:00:07.0: quirk: [io  0x4000-0x403f] claimed by PIIX4 ACPI
[   17.565350] pci 0000:00:07.0: quirk: [io  0x4100-0x410f] claimed by PIIX4 SMB
[   17.668248] ACPI: PCI Interrupt Link [LNKA] (IRQs 5 9 10 *11)
[   17.676469] ACPI: PCI Interrupt Link [LNKB] (IRQs 5 9 *10 11)
[   17.681471] ACPI: PCI Interrupt Link [LNKC] (IRQs 5 *9 10 11)
[   17.684321] ACPI: PCI Interrupt Link [LNKD] (IRQs 5 9 10 *11)
[   17.687200] ACPI: Enabled 2 GPEs in block 00 to 07
[   17.690264] vgaarb: setting as boot device: PCI:0000:00:02.0
[   17.692120] vgaarb: device added: PCI:0000:00:02.0,decodes=io+mem,owns=io+mem,locks=none
[   17.695022] vgaarb: loaded
[   17.696973] vgaarb: bridge control possible 0000:00:02.0
[   17.699421] SCSI subsystem initialized
[   17.701640] ACPI: bus type USB registered
[   17.703163] usbcore: registered new interface driver usbfs
[   17.705319] usbcore: registered new interface driver hub
[   17.707340] usbcore: registered new device driver usb
[   17.712156] PCI: Using ACPI for IRQ routing
[   17.720836] NetLabel: Initializing
[   17.746637] NetLabel:  domain hash size = 128
[   17.788801] NetLabel:  protocols = UNLABELED CIPSOv4
[   17.836717] NetLabel:  unlabeled traffic allowed by default
[   17.893145] amd_nb: Cannot enumerate AMD northbridges
[   17.941950] clocksource: Switched to clocksource kvm-clock
[   1.0501]Aprm: ppArmoFiesstemEnle
   18.429827] pnp: PnP ACPI init
[   18.459480] pnp: PnP ACPI: found 3 devices

[  1.4336]clckouce: acp_p: mask: 0xffffff max_cycles: 0xffffff, max_idle_ns: 2085701024 ns
[   18.794630] NET Rgistered protocol family 2

[   18.886205] TCP established hash table entries: 8192 (order: 4, 65536 bytes)
[   18.888967] TCP bind hash table entries: 8192 (order: 5, 131072 bytes)
[   18.893202] TCP: Hash tables configured (established 8192 bind 8192)
[   18.896167] UDP hash table entries: 512 (order: 2, 16384 bytes)
[   18.899526] UDP-Lite hash table entries: 512 (order: 2, 16384 bytes)
[   18.901734] NET: Registered protocol family 1
[   18.903454] pci 0000:00:00.0: Limiting direct PCI/PCI transfers
[   18.906141] pci 0000:00:01.0: Activating ISA DMA hang workarounds
[   18.908461] Unpacking initramfs...
[   20.5669]Freig initrd meor: 88K
[   20.844552] platfm tccms: registered pltfrm RTC eve (nPN dvie ou)[ 212764] canig orlo mmoy orruptonevry 60 seon
[   21.776346] audit: initializing netlink subsys (disabled)
[   21.855863] tsc: Refined TSC clocksource calibration: 3092.955 MHz
[   21.866350] audit: type=2000 audit(1523030653.812:1): initialized
[   21.8653] Iitalie sytem trusd eyng

[   220038] ugLBreiserd  M pgesie,pr-alocated0 ags
[   22.007634] zbud: loaded
[   22.007875] VFS: Disk quotas dquot_6.6.0
[   22.007896] VFS: Dquot-cache hash table entries: 512 (order 0, 4096 bytes)
[   22.008071] squashfs: version 4.0 (2009/01/31) Phillip Lougher
[   22.008233] fuse init (API version 7.23)
[   22.008317] Key type big_key registered
[   22.008329] Allocating IMA MOK and blacklist keyrings.
[   22.008493] Key type asymmetric registered
[   22.008498] Asymmetric key parser 'x509' registered
[   22.008522] Block layer SCSI generic (bsg) driver version 0.4 loaded (major 249)
[   22.008539] io scheduler noop registered
[   22.008541] io scheduler deadline registered (default)
[   22.008564] io scheduler cfq registered
[   22.008644] pci_hotplug: PCI Hot Plug PCI Core version: 0.5
[   22.008649] pciehp: PCI Express Hot Plug Controller Driver version: 0.4
[   22.008869] ACPI: AC Adapter [AC] (on-line)
[   22.008912] input: Power Button as /devices/LNXSYSTM:00/LNXPWRBN:00/input/input0
[   22.008914] ACPI: Power Button [PWRF]
[   22.009006] input: Sleep Button as /devices/LNXSYSTM:00/LNXSLPBN:00/input/input1
[   22.009007] ACPI: Sleep Button [SLPF]
[   22.009149] GHES: HEST is not enabled!
[   22.009222] Serial: 8250/16550 driver, 32 ports, IRQ sharing enabled
[   22.300821] 00:02: ttyS0 at I/O 0x3f8 (irq = 4, base_baud = 115200) is a 16550A
[   22.792661] Linux agpgart interface v0.103
[   22.840584] loop: module loaded
[   22.841072] scsi host0: ata_piix
[   22.841114] scsi host1: ata_piix
[   22.841136] ata1: PATA max UDMA/33 cmd 0x1f0 ctl 0x3f6 bmdma 0xd000 irq 14
[   22.841137] ata2: PATA max UDMA/33 cmd 0x170 ctl 0x376 bmdma 0xd008 irq 15
[   22.841193] libphy: Fixed MDIO Bus: probed
[   22.841195] tun: Universal TUN/TAP device driver, 1.6
[   22.841195] tun: (C) 1999-2004 Max Krasnyansky <maxk@qualcomm.com>
[   22.841534] PPP generic driver version 2.4.2
[   22.841576] ehci_hcd: USB 2.0 'Enhanced' Host Controller (EHCI) Driver
[   22.841587] ehci-pci: EHCI PCI platform driver
[   22.841600] ehci-platform: EHCI generic platform driver
[   22.841606] ohci_hcd: USB 1.1 'Open' Host Controller (OHCI) Driver
[   22.841609] ohci-pci: OHCI PCI platform driver
[   22.841615] ohci-platform: OHCI generic platform driver
[   22.841620] uhci_hcd: USB Universal Host Controller Interface driver
[   22.841663] i8042: PNP: PS/2 Controller [PNP0303:PS2K,PNP0f03:PS2M] at 0x60,0x64 irq 1,12
[   22.896333] serio: i8042 KBD port at 0x60,0x64 irq 1
[   22.896351] serio: i8042 AUX port at 0x60,0x64 irq 12
[   22.896748] mousedev: PS/2 mouse device common for all mice
[   22.897089] rtc_cmos rtc_cmos: rtc core: registered rtc_cmos as rtc0
[   22.897136] rtc_cmos rtc_cmos: alarms up to one day, 114 bytes nvram
[   22.897142] i2c /dev entries driver
[   22.897190] device-mapper: uevent: version 1.0.3
[   22.897231] device-mapper: ioctl: 4.34.0-ioctl (2015-10-28) initialised: dm-devel@redhat.com
[   22.897249] ledtrig-cpu: registered to indicate activity on CPUs
[   22.897462] NET: Registered protocol family 10
[   22.897577] NET: Registered protocol family 17
[   22.897583] Key type dns_resolver registered
[   22.897760] registered taskstats version 1
[   22.897772] Loading compiled-in X.509 certificates
[   22.898291] Loaded X.509 cert 'Build time autogenerated kernel key: f854e06633b5f496ced5b2e02c7b14f761b69302'
[   22.898305] zswap: loaded using pool lzo/zbud
[   22.899860] Key type trusted registered
[   22.902230] Key type encrypted registered
[   22.902236] AppArmor: AppArmor sha1 policy hashing enabled
[   22.902240] ima: No TPM chip found, activating TPM-bypass!
[   22.902262] evm: HMAC attrs: 0x1
[   22.902672]   Magic number: 14:646:84
[   23.034470] rtc_cmos rtc_cmos: setting system clock to 2018-04-06 16:04:27 UTC (1523030667)
[   23.034649] BIOS EDD facility v0.16 2004-Jun-25, 0 devices found
[   23.034649] EDD information not available.
[   23.404372] input: AT Translated Set 2 keyboard as /devices/platform/i8042/serio0/input/input2
[   25.710885] clocksource: tsc: mask: 0xffffffffffffffff max_cycles: 0x2c9548cf0ff, max_idle_ns: 440795287674 ns
[   25.881142] Freeing unused kernel memory: 1508K
[   25.946884] Write protecting the kernel read-only data: 14336k
[   26.044287] Freeing unused kernel memory: 1696K
[   26.111686] Freeing unused kernel memory: 100K
Loading, please [   26.221529] random: systemd-udevd: uninitialized urandom read (16 bytes read, 7 bits of entropy available)
wait...
startin[   26.223276] random: udevadm: uninitialized urandom read (16 bytes read, 7 bits of entropy available)
g version 229
[   26.223315] random: udevadm: uninitialized urandom read (16 bytes read, 7 bits of entropy available)
[   26.233119] random: udevadm: uninitialized urandom read (16 bytes read, 7 bits of entropy available)
[   26.233156] random: udevadm: uninitialized urandom read (16 bytes read, 7 bits of entropy available)
[   26.233262] random: udevadm: uninitialized urandom read (16 bytes read, 7 bits of entropy available)
[   26.233303] random: udevadm: uninitialized urandom read (16 bytes read, 7 bits of entropy available)
[   26.233339] random: udevadm: uninitialized urandom read (16 bytes read, 7 bits of entropy available)
[   26.233376] random: udevadm: uninitialized urandom read (16 bytes read, 7 bits of entropy available)
[   26.233411] random: udevadm: uninitialized urandom read (16 bytes read, 7 bits of entropy available)
[   27.029584] e1000: Intel(R) PRO/1000 Network Driver - version 7.3.21-k8-NAPI
[   27.061131] e1000: Copyright (c) 1999-2006 Intel Corporation.
[   27.111134] AVX2 version of gcm_enc/dec engaged.
[   27.120545] Fusion MPT base driver 3.04.20
[   27.120546] Copyright (c) 1999-2008 LSI Corporation
[   27.197492] AES CTR mode by8 optimization enabled
[   27.229470] Fusion MPT SPI Host driver 3.04.20
[   27.303203] input: ImExPS/2 Generic Explorer Mouse as /devices/platform/i8042/serio1/input/input4
[   27.612234] e1000 0000:00:03.0 eth0: (PCI:33MHz:32-bit) 02:1b:e7:ca:c1:c0
[   27.620418] e1000 0000:00:03.0 eth0: Intel(R) PRO/1000 Network Connection
[   27.624397] mptbase: ioc0: Initiating bringup
[   27.690591] ioc0: LSI53C1030 A0: Capabilities={Initiator}
[   27.916604] scsi host2: ioc0: LSI53C1030 A0, FwRev=00000000h, Ports=1, MaxQ=256, IRQ=20
[   28.134336] scsi 2:0:0:0: Direct-Access     VBOX     HARDDISK         1.0  PQ: 0 ANSI: 5
[   28.172397] scsi target2:0:0: Beginning Domain Validation
[   28.187142] scsi target2:0:0: Domain Validation skipping write tests
[   28.218923] scsi target2:0:0: Ending Domain Validation
[   28.242960] scsi target2:0:0: asynchronous
[   28.261286] scsi 2:0:1:0: Direct-Access     VBOX     HARDDISK         1.0  PQ: 0 ANSI: 5
[   28.312077] scsi target2:0:1: Beginning Domain Validation
[   28.348484] scsi target2:0:1: Domain Validation skipping write tests
[   28.350327] scsi target2:0:1: Ending Domain Validation
[   28.359501] scsi target2:0:1: asynchronous
[   28.398652] sd 2:0:0:0: Attached scsi generic sg0 type 0
[   28.446620] sd 2:0:0:0: [sda] 20971520 512-byte logical blocks: (10.7 GB/10.0 GiB)
[   28.499898] sd 2:0:0:0: [sda] Write Protect is off
[   28.501408] sd 2:0:1:0: Attached scsi generic sg1 type 0
[   28.501419] sd 2:0:1:0: [sdb] 20480 512-byte logical blocks: (10.5 MB/10.0 MiB)
[   28.504582] sd 2:0:0:0: [sda] Incomplete mode parameter data
[   28.504655] sd 2:0:1:0: [sdb] Write Protect is off
[   28.583402] e1000 0000:00:08.0 eth1: (PCI:33MHz:32-bit) 08:00:27:16:3f:58
[   28.583404] e1000 0000:00:08.0 eth1: Intel(R) PRO/1000 Network Connection
[   28.681733] e1000 0000:00:03.0 enp0s3: renamed from eth0
[   28.688394] sd 2:0:1:0: [sdb] Incomplete mode parameter data
[   28.688397] sd 2:0:1:0: [sdb] Assuming drive cache: write through
[   28.697179] sd 2:0:0:0: [sda] Assuming drive cache: write through
[   28.702060]  sda: sda1
[   28.705902] sd 2:0:1:0: [sdb] Attached SCSI disk
[   28.709597] e1000 0000:00:08.0 enp0s8: renamed from eth1
[   28.709871] sd 2:0:0:0: [sda] Attached SCSI disk
[   30.230690] floppy0: no floppy controllers found
[   31.054576] work still pending
Begin: Loading e[   32.364822] md: linear personality registered for level -1
ssential drivers[   32.461186] md: multipath personality registered for level -4
 ... [   32.565203] md: raid0 personality registered for level 0
[   32.646645] md: raid1 personality registered for level 1
[   32.794161] raid6: sse2x1   gen() 10909 MB/s
[   32.934043] raid6: sse2x1   xor()  8222 MB/s
[   33.058250] raid6: sse2x2   gen() 13644 MB/s
[   33.178155] raid6: sse2x2   xor()  8562 MB/s
[   33.294258] raid6: sse2x4   gen()  8315 MB/s
[   33.398524] raid6: sse2x4   xor()  3723 MB/s
[   33.514410] raid6: avx2x1   gen()  7416 MB/s
[   33.626203] raid6: avx2x2   gen() 24878 MB/s
[   33.738081] raid6: avx2x4   gen() 26256 MB/s
[   33.794034] raid6: using algorithm avx2x4 gen() 26256 MB/s
[   33.863440] raid6: using avx2x2 recovery algorithm
[   33.935020] xor: automatically using best checksumming function:
[   34.049986]    avx       : 22368.000 MB/sec
[   34.130135] async_tx: api initialized (async)
[   34.216501] md: raid6 personality registered for level 6
[   34.242738] md: raid5 personality registered for level 5
[   34.318680] md: raid4 personality registered for level 4
[   34.456463] md: raid10 personality registered for level 10
done.
Begin: Running /scripts/init-premount ... done[   34.614813] Btrfs loaded
.
Begin: Mounting root file system ... Begin: R[   34.704626] EXT4-fs (sda1): mounted filesystem with ordered data mode. Opts: (null)
unning /scripts/local-top ... done.
Begin: Running /scripts/local-premount ... Scanning for Btrfs filesystems
done.
Warning: fsck not present, so skipping root file system
done.
Begin: Running /scripts/local-bottom ... done.
Begin: Running /scripts/init-bottom ... done.
[   35.029189] systemd[1]: systemd 229 running in system mode. (+PAM +AUDIT +SELINUX +IMA +APPARMOR +SMACK +SYSVINIT +UTMP +LIBCRYPTSETUP +GCRYPT +GNUTLS +ACL +XZ -LZ4 +SECCOMP +BLKID +ELFUTILS +KMOD -IDN)
[   35.275410] systemd[1]: Detected virtualization oracle.
[   35.342401] systemd[1]: Detected architecture x86-64.

Welcome to [1mUbuntu 16.04.4 LTS[0m!

[ 354258] ysem1] St ostname to <ubtu.
[   35.803989] systemd[1]: Initializing machine ID from random generator.
[   35.864248] systemd[1]: Installed transient /etc/machine-id file.
[   36.014175] random: nonblocking pool is initialized
[   36.051446] systemd[1]: Created slice System Slice.
[[0;32m  OK  [0m] Created slice System Slice.
[  30838 sstmd1] Ltein on Device-mapper event daemon FIFOs.

[[0;32m  OK  [0m] Listening on Device-mapper event daemon FIFOs.
[   36.405718] systemd[1]: Started Forward Password Requests to Wall Directory Watch.
[[0;32m  OK  [0m] Started Forward Password Requests to Wall Directory Watch.
[   36.412911] systemd[1]: Set up automount Arbitrary Executable File Formats File System Automount Point.
[[0;32m  OK  [0m] Set up automount Arbitrary Executab...ats File System Automount Point.
[   36.421443] systemd[1]: Listening on /dev/initctl Compatibility Named Pipe.
[[0;32m  OK  [0m] Listening on /dev/initctl Compatibility Named Pipe.
[   36.427570] systemd[1]: Reached target Encrypted Volumes.
[[0;32m  OK  [0m] Reached target Encrypted Volumes.
[   36.433111] systemd[1]: Listening on Syslog Socket.
[[0;32m  OK  [0m] Listening on Syslog Socket.
[   36.438430] systemd[1]: Reached target User and Group Name Lookups.
[[0;32m  OK  [0m] Reached target User and Group Name Lookups.
[   36.442591] systemd[1]: Started Trigger resolvconf update for networkd DNS.
[[0;32m  OK  [0m] Started Trigger resolvconf update for networkd DNS.
[   36.446427] systemd[1]: Listening on Journal Socket (/dev/log).
[[0;32m  OK  [0m] Listening on Journal Socket (/dev/log).
[   36.462807] systemd[1]: Reached target System Time Synchronized.
[[0;32m  OK  [0m] Reached target System Time Synchronized.
[ 3661493] systemd[1 LstningonJornl udt ocke.
[[0;32m  OK  [0m] Listening on Journal Audit Socket.
[ 370674 sted[]:LiteinonLV2 etdaa daeonsoke.
[[0;32m  OK  [0m] Listening on LVM2 metadata daemon socket.
[  37.67491] ysem1]Rechd aretSw.
[[0;32m  OK  [0m] Reached target Swap.
[   380792 sstmd[1]: Listenig n deKeneSoet
[[0;32m  OK  [0m] Listening on udev Kernel Socket.
[   38.501932] systemd[1]: Created slice system-serial\x2dgetty.slice.
[[0;32m  OK  [0m] Created slice system-serial\x2dgetty.slice.
[   38.611523] systemd[1]: Created slice User and Session Slice.
[[0;32m  OK  [0m] Created slice User and Session Slice.
[   38.646637] systemd[1]: Reached target Slices.
[[0;32m  OK  [0m] Reached target Slices.
[   38.649322] systemd[1]: Listening on LVM2 poll daemon socket.
[[0;32m  OK  [0m] Listening on LVM2 poll daemon socket.
[   38.652426] systemd[1]: Listening on Journal Socket.
[[0;32m  OK  [0m] Listening on Journal Socket.
[   38.742559] systemd[1]: Starting Load Kernel Modules...
         Starting Load Kernel Modules...[   38.793776] Loading iSCSI transport class v2.0-870.

[   38.889396] systemd[1]: Starting Set console keymap...
         [   38.957653] iscsi: registered transport (tcp)
Starting Set console keymap...
[   39.033545] iscsi: registered transport (iser)
[   39.082278] systemd[1]: Mounting POSIX Message Queue File System...
         Mounting POSIX Message Queue File System...
[   39.230441] systemd[1]: Starting Monitoring of LVM2 mirrors, snapshots etc. using dmeventd or progress polling...
         Starting Monitoring of LVM2 mirrors... dmeventd or progress polling...
[   39.355947] systemd[1]: Starting Nameserver information manager...
         Starting Nameserver information manager...
[   39.359385] systemd[1]: Starting Create list of required static device nodes for the current kernel...
         Starting Create list of required st... nodes for the current kernel...
[   39.521113] systemd[1]: Starting Remount Root and Kernel File Systems...
         [   39.600542] EXT4-fs (sda1): re-mounted. Opts: (null)
Starting Remount Root and Kernel File Systems...
[   39.738169] systemd[1]: Starting Journal Service...
         Starting Journal Service...
[   39.822583] systemd[1]: Mounting Huge Pages File System...
         Mounting Huge Pages File System...
[   40.058417] systemd[1]: Mounting Debug File System...
         Mounting Debug File System...
[   40.194153] systemd[1]: Starting Uncomplicated firewall...
         Starting Uncomplicated firewall...
[   0.1051 sstmd1] Lstni o uev Corol Socket.
[[0;32m  OK  [0m] Listening on udev Control Socket.
[   41.035463] systemd[1]: Mounted POSIX Message Queue File System.
[[0;32m  OK  [0m] Mounted POSIX Message Queue File System.
[   41.094316] systemd[1]: Mounted Huge Pages File System.
[[0;32m  OK  [0m] Mounted Huge Pages File System.
[   41.149361] systemd[1]: Mounted Debug File System.
[[0;32m  OK  [0m] Mounted Debug File System.
[   4.2520]sytemd[1]: Started Journal Service.

[[0;32m  OK  [0m] Started Journal Service.
[[0;32m  OK  [0m] Started Load Kernel Modules.
[[0;32m  OK  [0m] Started Set console keymap.
[[0;32m  OK  [0m] Started Create list of required sta...ce nodes for the current kernel.
[[0;32m  OK  [0m] Started Remount Root and Kernel File Systems.
[[0;32m  OK  [0m] Started Uncomplicated firewall.
[[0;32m  OK  [0m] Started Nameserver information manager.
[[0;32m  OK  [0m] Started LVM2 metadata daemon.
         Starting Initial cloud-init job (pre-networking)...
         Starting Load/Save Random Seed...
         Starting udev Coldplug all Devices...
         Starting Create Static Device Nodes in /dev...
         Starting Apply Kernel Variables...
         Mounting FUSE Control File System...
         Starting Flush Journal to Persistent Storage...
[[0;32m  OK  [0m] Mounted FUSE Control File System.
[[0;32m  OK  [0m] Started Monitoring of LVM2 mirrors,...ng dmeventd or progress polling.
[[0;32m  OK  [0m] Started Load/Save Random Seed.
[[0;32m  OK  [0m] Started Create Static Device Nodes in /dev.
[[0;32m  OK  [0m] Started Apply Kernel Variables.
[[0;32m  OK  [0m] Started udev Coldplug all Devices.
[[0;32m  OK  [0m] Started Flush Journal to Persistent Storage.
         Starting udev Kernel Device Manager...
[[0;32m  OK  [0m] Started udev Kernel Device Manager.
[[0;32m  OK  [0m] Started Dispatch Password Requests to Console Directory Watch.
[[0;32m  OK  [0m] Reached target Local File Systems (Pre).
[[0;32m  OK  [0m] Reached target Local File Systems.
         Starting Tell Plymouth To Write Out Runtime Data...
         Starting Create Volatile Files and Directories...
         Starting Commit a transient machine-id on disk...
         Starting Set console font and keymap...
         Starting LSB: AppArmor initialization...
[[0;32m  OK  [0m] Started Tell Plymouth To Write Out Runtime Data.
[[0;32m  OK  [0m] Started Create Volatile Files and Directories.
[[0;32m  OK  [0m] Started Commit a transient machine-id on disk.
         Starting Update UTMP about System Boot/Shutdown...
[[0;32m  OK  [0m] Started Update UTMP about System Boot/Shutdown.
[[0;32m  OK  [0m] Found device /dev/ttyS0.
[   25.741555] cloud-init[442]: Cloud-init v. 17.2 running 'init-local' at Fri, 06 Apr 2018 16:04:47 +0000. Up 25.30 seconds.
[[0;32m  OK  [0m] Started Initial cloud-init job (pre-networking).
[[0;32m  OK  [0m] Started LSB: AppArmor initialization.
[[0;32m  OK  [0m] Listening on Load/Save RF Kill Switch Status /dev/rfkill Watch.
[[0;32m  OK  [0m] Reached target Network (Pre).
         Starting Raise network interfaces...
[[0;32m  OK  [0m] Started Set console font and keymap.
[[0;32m  OK  [0m] Created slice system-getty.slice.
[[0;32m  OK  [0m] Started Raise network interfaces.
         Starting Initial cloud-init job (metadata service crawler)...
[[0;32m  OK  [0m] Reached target Network.
[   29.205269] cloud-init[954]: Cloud-init v. 17.2 running 'init' at Fri, 06 Apr 2018 16:04:50 +0000. Up 28.54 seconds.
[[0;32m  OK  [0m] Started Initial cloud-init job (metadata service crawler).
[[0;32m  OK  [0m] Reached target Network is Online.
[   29.311633] cloud-init[954]: ci-info: ++++++++++++++++++++++++++++++++++++++Net device info++++++++++++++++++++++++++++++++++++++
[   29.540586]          cloud-initStarting iSCSI initiator daemon (iscsid)...[954]: 
ci-info: +--------+-------+----------------------------+---------------+-------+-------------------+
[   29.696472] [cloud-init[0;32m  OK  [0m[954]: ] ci-info: | Device |   Up  |          Address           |      Mask     | Scope |     Hw-Address    |Reached target System Initialization.

[   29.864428] [cloud-init[0;32m  OK  [0m[954]: ] ci-info: +--------+-------+----------------------------+---------------+-------+-------------------+Started Daily apt download activities.

[[0;32m  OK  [0m] Listening on ACPID Listen Socket.
         Starting Socket activation for snappy daemon.
[[0;32m  OK  [0m] Listening on UUID daemon activation socket.
[   29.865117] cloud-init[954]: ci-info: | enp0s3 |  True |         10.0.2.15          | 255.255.255.0 |   .   | 02:1b:e7:ca:c1:c0 |
[   30.324917] [cloud-init[0;32m  OK  [0m[954]: ] ci-info: | enp0s3 |  True | fe80::1b:e7ff:feca:c1c0/64 |       .       |  link | 02:1b:e7:ca:c1:c0 |Started Daily apt upgrade and clean activities.

[[0;32m  OK  [0m] Started Timer to automatically refresh installed snaps.
[   30.325541] cloud-init[954]: ci-info: | enp0s8 | False |             .              |       .       |   .   | 08:00:27:16:3f:58 |
[   30.661221] [cloud-init[0;32m  OK  [0m[954]: ] ci-info: |   lo   |  True |         127.0.0.1          |   255.0.0.0   |   .   |         .         |Started ACPI Events Check.

[[0;32m  OK  [0m] Reached target Paths.
[[0;32m  OK  [0m] Listening on D-Bus System Message Bus Socket.
[   30.661899] cloud-init[954]: ci-info: |   lo   |  True |          ::1/128           |       .       |  host |         .         |
[   31.048871] [cloud-init[0;32m  OK  [0m[954]: ] ci-info: +--------+-------+----------------------------+---------------+-------+-------------------+Started Daily Cleanup of Temporary Directories.

[   31.252729]          cloud-initStarting LXD - unix socket.[954]: 
ci-info: +++++++++++++++++++++++++++Route IPv4 info++++++++++++++++++++++++++++
[   31.438485] [cloud-init[0;32m  OK  [0m[954]: ] ci-info: +-------+-------------+----------+---------------+-----------+-------+Reached target Timers.

[   31.632831] [cloud-init[0;32m  OK  [0m[954]: ] ci-info: | Route | Destination | Gateway  |    Genmask    | Interface | Flags |Reached target Cloud-config availability.

[   31.633652] cloud-init[954]: ci-info: +-------+-------------+----------+---------------+-----------+-------+
[   31.834257] [cloud-init[0;32m  OK  [0m[954]: ] ci-info: |   0   |   0.0.0.0   | 10.0.2.2 |    0.0.0.0    |   enp0s3  |   UG  |Listening on Socket activation for snappy daemon.

[   32.020783] [cloud-init[0;32m  OK  [0m[954]: ] ci-info: |   1   |   10.0.2.0  | 0.0.0.0  | 255.255.255.0 |   enp0s3  |   U   |Listening on LXD - unix socket.

[[0;32m  OK  [0m] Started iSCSI initiator daemon (iscsid).
[   32.021467] cloud-init[954]: ci-info: +-------+-------------+----------+---------------+-----------+-------+
         Starting Login to default iSCSI targets...
[   32.364841] cloud-init[954]: Generating public/private rsa key pair.
[[0;32m  OK  [0m] Reached target Sockets.
[[0;32m  OK  [0m] Reached target Basic System.
[   32.425661] cloud-init[954]: Your identification has been saved in /etc/ssh/ssh_host_rsa_key.
[   32.575639]          cloud-initStarting /etc/rc.local Compatibility...[954]: 
Your public key has been saved in /etc/ssh/ssh_host_rsa_key.pub.
[   32.729024]          cloud-initStarting LSB: Record successful boot for GRUB...[954]: 
The key fingerprint is:
[   32.730201] cloud-init[954]: SHA256:UonRPx9IohDTlO7INS0x0TkqUEy8mHXhk9vFZM+vFzY root@ubuntu-xenial
[   32.808506] cloud-init[954]: The key's randomart image is:
         Starting LXD - container startup/shutdown...
[[0;32m  OK  [0m] Started Unattended Upgrades Shutdown.
[   32.809150] cloud-init[954]: +---[RSA 2048]----+
[   32.956508] cloud-init[954]: |   ==+=* .o      |
[   32.979355] cloud-init[954]: |  . =o*+*=.o     |
         Starting Apply the settings specified in cloud-config...
[   32.994181] cloud-init[954]: |   = ==*o=o.o    |
         Starting Pollinate to seed the pseudo random number generator...
[   33.104394] cloud-init[954]: |  o o B=..+ ..   |
[   33.156508] cloud-init[954]: |   . =ooS  o .E  |
[   33.157425] cloud-init[954]: |    o ..    .o o |
[   33.157655] cloud-init[954]: |            . .  |
[   33.157781] cloud-init[954]: |             .   |
[   33.157863] cloud-init[954]: |                 |
[   33.157898] cloud-init[954]: +----[SHA256]-----+
[   33.157928] cloud-init[954]: Generating public/private dsa key pair.
[   33.157957] cloud-init[954]: Your identification has been saved in /etc/ssh/ssh_host_dsa_key.
[   33.157986] cloud-init[954]: Your public key has been saved in /etc/ssh/ssh_host_dsa_key.pub.
[   33.158022] cloud-init[954]: The key fingerprint is:
[   33.158221] cloud-init[954]: SHA256:n+L1+OM02zC4z5L35N4m+EPXfvk5TTRR9FwC1MiHBxw root@ubuntu-xenial
[   33.158342] cloud-init[954]: The key's randomart image is:
[   33.158494] cloud-init[954]: +---[DSA 1024]----+
[   33.158626] cloud-init[954]: |           +EB..=|
[   33.158667] cloud-init[954]: |            = ++o|
[   33.158698] cloud-init[954]: |             o  +|
[   33.158867] cloud-init[954]: |               ..|
[   33.159254] cloud-init[954]: |        S      .o|
[   33.159330] cloud-init[954]: |         . o  . +|
[   33.159404] cloud-init[954]: |        . =.=o.+o|
[   33.159552] cloud-init[954]: |       . oo*+Oo+*|
[   33.159722] cloud-init[954]: |        . o*B=*=*|
[   33.159980] cloud-init[954]: +----[SHA256]-----+
[   33.160048] [[0;32m  OK  [0m] Started Regular background program processing daemon.
         Starting System Logging Service...
[[0;32m  OK  [0m] Started D-Bus System Message Bus.
cloud-init[954]: Generating public/private ecdsa key pair.
         Starting LSB: MD monitoring daemon...
[   33.546845] cloud-init[954]: Your identification has been saved in /etc/ssh/ssh_host_ecdsa_key.
[   33.559675] cloud-init[954]: Your public key has been saved in /etc/ssh/ssh_host_ecdsa_key.pub.
         Starting Accounts Service...
[[0;32m  OK  [0m] Started Deferred execution scheduler.
[[0;32m  OK  [0m] Started FUSE filesystem for LXC.
[   33.574397] cloud-init[954]: The key fingerprint is:
         Starting Snappy daemon...
[   33.606785]          cloud-initStarting Login Service...[954]: 
SHA256:xfSxC+/aVtB+fsfzFTivWfF1KRNsIyU6FLN+8LMSUbE root@ubuntu-xenial
         Starting Virtualbox guest utils...
[   33.667628] cloud-init[954]: The key's randomart image is:
[   33.682805] [[0;32m  OK  [0m] Started ACPI event daemon.
cloud-init[954]: +---[ECDSA 256]---+
[   33.704785] [[0;32m  OK  [0m] Started System Logging Service.
cloud-init[954]: |         +o+o.   |
[[0;32m  OK  [0m] Started /etc/rc.local Compatibility.
[   33.788840] [cloud-init[0;32m  OK  [0m[954]: ] |        .o=.=o   |Started LXD - container startup/shutdown.

[   33.843949] cloud-init[954]: |         *+Eo*   |
[   33.846583] cloud-init[954]: |        ..=o+.= .|
[   33.849285] cloud-init[954]: |        So +oB +o|
[   33.868318] cloud-init[954]: |          o.o B B|
[   33.879859] cloud-init[954]: |         . ... *o|
[   33.914360] cloud-init[954]: |          .o. +.*|
[   34.022458] cloud-init[954]: |          ...o  *|
[   34.083155] cloud-init[954]: +----[SHA256]-----+
[   34.103353] cloud-init[[0;32m  OK  [0m] Started Snappy daemon.
[954]: Generating public/private ed25519 key pair.
[[0;32m  OK  [0m] Started LSB: Record successful boot for GRUB.
[[0;32m  OK  [0m] Started Login to default iSCSI targets.
[[0;32m  OK  [0m] Started LSB: MD monitoring daemon.
[[0;32m  OK  [0m] Started Pollinate to seed the pseudo random number generator.
[   34.162144] cloud-init[954]: Your identification has been saved in /etc/ssh/ssh_host_ed25519_key.
[   34.196711] cloud-init[954]: Your public key has been saved in /etc/ssh/ssh_host_ed25519_key.pub.
[   34.237579]          Starting Authenticate and Authorize Users to Run Privileged Tasks...
cloud-init[954]: The key fingerprint is:
         Starting OpenBSD Secure Shell server...
[[0;32m  OK  [0m] Reached target Remote File Systems (Pre).
[[0;32m  OK  [0m] Reached target Remote File Systems.
[   34.271719] cloud-init[954]: SHA256:xNoXu72sqXZaHrEjixfQGJMC5QBQnNmTXZSF6ZUhG18 root@ubuntu-xenial
[   34.379620] cloud-init[954]: The key's randomart image is:
[   34.383370]          Starting Permit User Sessions...
         Starting LSB: automatic crash report generation...
         Starting LSB: daemon to balance interrupts for SMP systems...
         Starting LSB: Set the CPU Frequency Scaling governor to "ondemand"...
[[0;32m  OK  [0m] Started OpenBSD Secure Shell server.
cloud-init[954]: +--[ED25519 256]--+
[[0;32m  OK  [0m] Started Virtualbox guest utils.
[[0;32m  OK  [0m] Started Permit User Sessions.
[[0;32m  OK  [0m] Started Login Service.
[   34.506876] cloud-init[954]: |+++*.o +==ooE    |
[[0;32m  OK  [0m] Started Authenticate and Authorize Users to Run Privileged Tasks.
[[0;32m  OK  [0m] Started Accounts Service.
[   34.615261] cloud-init[954]: |  +o= =.+=o.     |
[[0;32m  OK  [0m] Created slice User Slice of vagrant.
[   34.836715] cloud-init[954]: |    .o *+.o      |
[   34.904940] cloud-init[954]: |      o+o  o     |
[   34.910940] cloud-init[954]: |      ..S +      |
[   34.918097] cloud-init[954]: |        .. =     |
         Starting User Manager for UID 1000...
[   34.951757] cloud-init[954]: |        ..* .    |
[   35.018448] cloud-init[954]: |       .o=.= .   |
[[0;32m  OK  [0m] Started Session 1 of user vagrant.
         Starting Terminate Plymouth Boot Screen...
         Starting Hold until boot process finishes up...
[[0;32m  OK  [0m] Started User Manager for UID 1000.
[[0;32m  OK  [0m] Started LSB: automatic crash report generation.
[[0;32m  OK  [0m] Started LSB: daemon to balance interrupts for SMP systems.
[[0;32m  OK  [0m] Started LSB: Set the CPU Frequency Scaling governor to "ondemand".
[[0;32m  OK  [0m] Started Terminate Plymouth Boot Screen.
[[0;32m  OK  [0m] Started Hold until boot process finishes up.
[   35.026804] cloud-init[954]: |      .o+++.o    |
[   35.419022] cloud-init[954]: +----[SHA256]-----+
[[0;32m  OK  [0m] Started Getty on tty1.
         Starting Set console scheme...
[[0;32m  OK  [0m] Started Serial Getty on ttyS0.
[[0;32m  OK  [0m] Reached target Login Prompts.
[[0;32m  OK  [0m] Reached target Multi-User System.
[[0;32m  OK  [0m] Reached target Graphical Interface.
[   35.435309] cloud-init[1071]: Generating locales (this might take a while)...
[   35.508406]          cloud-initStarting Update UTMP about System Runlevel Changes...[1071]: 
  en_US.UTF-8... done
[   35.568703] [[0;32m  OK  [0m] Started Set console scheme.
cloud-init[1071]: Generation complete.
[[0;32m  OK  [0m] Started Update UTMP about System Runlevel Changes.
[   35.735709] cloud-init[1071]: Cloud-init v. 17.2 running 'modules:config' at Fri, 06 Apr 2018 16:04:55 +0000. Up 33.20 seconds.
[[0;32m  OK  [0m] Started Apply the settings specified in cloud-config.
         Starting Execute cloud user/final scripts...
ci-info: no authorized ssh keys fingerprints found for user ubuntu.
<14>Apr  6 16:04:58 ec2: 
<14>Apr  6 16:04:58 ec2: #############################################################
<14>Apr  6 16:04:58 ec2: -----BEGIN SSH HOST KEY FINGERPRINTS-----
<14>Apr  6 16:04:58 ec2: 1024 SHA256:n+L1+OM02zC4z5L35N4m+EPXfvk5TTRR9FwC1MiHBxw root@ubuntu-xenial (DSA)
<14>Apr  6 16:04:58 ec2: 256 SHA256:xfSxC+/aVtB+fsfzFTivWfF1KRNsIyU6FLN+8LMSUbE root@ubuntu-xenial (ECDSA)
<14>Apr  6 16:04:58 ec2: 256 SHA256:xNoXu72sqXZaHrEjixfQGJMC5QBQnNmTXZSF6ZUhG18 root@ubuntu-xenial (ED25519)
<14>Apr  6 16:04:58 ec2: 2048 SHA256:UonRPx9IohDTlO7INS0x0TkqUEy8mHXhk9vFZM+vFzY root@ubuntu-xenial (RSA)
<14>Apr  6 16:04:58 ec2: -----END SSH HOST KEY FINGERPRINTS-----
<14>Apr  6 16:04:58 ec2: #############################################################
-----BEGIN SSH HOST KEY KEYS-----
ecdsa-sha2-nistp256 AAAAE2VjZHNhLXNoYTItbmlzdHAyNTYAAAAIbmlzdHAyNTYAAABBBF2Z2T2hH8V01Et33onDk4bzPhZfzL+37HBqVDeDVTi3EysdfIQlxgx0V6+e/3jI7k+o0ahrZg8TL8KuHkNDqa4= root@ubuntu-xenial
ssh-ed25519 AAAAC3NzaC1lZDI1NTE5AAAAIEN+a0AYhkYhk/BBoPWMcJWFGj2tCGyh5snSUAj3dXpn root@ubuntu-xenial
ssh-rsa AAAAB3NzaC1yc2EAAAADAQABAAABAQCjcDUj3wwuwr+vo3wzkdjSbqgRlvDfWEeUIqL1gg8h58esD5O8OhJtXa4uWznWjRr2ioPLXLwySboAIXD8nxvJ5gqEvDC6tYKTlEOjcCLAWQJFJyvo2YIu5XXYcUyERUxwcLyipe4YbQeY2uqhlo1OF437/CmR9EKarXlMJGqMsj3WfeCiKHuVJEbYPJZGkXCvXPagrGbjACuhz2oed/ZJEThuvFY5URIFRjXFosg+ebTkk6HdqV4tYtDrIQFt7lVW4kwkD0T9HXxxc23PDfOs6TDW7uzQK2kEGg1BBh8Hd99CNEy8YuxotfUypEu6tRRuYvLIL4zaf52v597gUZPj root@ubuntu-xenial
-----END SSH HOST KEY KEYS-----
         Stopping User Manager for UID 1000...
[[0;32m  OK  [0m] Stopped User Manager for UID 1000.[   37.054546] cloud-init[1380]: Cloud-init v. 17.2 running 'modules:final' at Fri, 06 Apr 2018 16:04:58 +0000. Up 36.37 seconds.
[   37.054753] cloud-init[1380]: ci-info: no authorized ssh keys fingerprints found for user ubuntu.
[   37.054879] cloud-init[1380]: Cloud-init v. 17.2 finished at Fri, 06 Apr 2018 16:04:58 +0000. Datasource DataSourceNoCloud [seed=/dev/sdb][dsmode=net].  Up 37.04 seconds

[[0;32m  OK  [0m] Started Execute cloud user/final scripts.
[[0;32m  OK  [0m] Removed slice User Slice of vagrant.
[[0;32m  OK  [0m] Reached target Cloud-init target.

Ubuntu 16.04.4 LTS ubuntu-xenial ttyS0

ubuntu-xenial login: 