[    0.000000] Iniiaizin cou subs uset
[  00000] itiazi cgrupsusycp
[   0.000] Intiling cro subsyscpacct    .000] Linu vsion4.0-16enri (buiddgw1-md4-21) (gccveion 4.2016069 buntu .40-buntu~104.9 )14-UbutuMPMon Feb121:3:4 TC018 (Uun 44.0-11614geneic4..98
[    0.000000] Comand line: BOTIMGE=/oo/vlinu-4.011geric rot=ABEL=loim-roofso onso=t1 coso=tyS0[   .000] ERNEL sppted cps:
[    .0000]  Inl Geninntl
[  000000  AMDAuenicAMD
[    0.000000]   Centaur CentaurHauls
[    000000] x86/fpu: xstate_offset[2]  576 xstte_iizes[2]:  256
[    0.000000] x86/pu: Suporti XAV feature 01:'x87 flti poit giters'[   0.000000x8/fp Spportin XVEfeare0x2: 'SSE giters'
[    0.000000] x86/fpu: Supporting XSE eature 0x04: 'AVX registers'
[    0.000000] x86/fpu: Enabled xstate features 0x7, context size is 2 tes, in'standardfomat.
  0.00000]86pu: Using 'lazy'PUoontext ithes.
[   .0000] e82 BOS-prodephysicl AMmap:
[  .0000]BIOS-e82: me0x0000000000000x00000009fbff uable
[    0.000000]BI-e820:[m 000000009fc000x000000fff]rerved
[   00000]BI-e20: [em0x00000000f00-0x00000000000fff] reserd
[   0.000] IOS-82 [me0x00000000000-0000003ffeffff] usable
[    0.000000] BIOS-e820: [mem 0x000000003fff0000-0x000000003fffffff] ACPI data
[    0.000000] BIOS-e820: [mem 0x00000000fec00000-0x00000000fec00fff] reserved
[    0.000000] BIOS-e82 [me 000000fee00-000000fe00f]reerd
[  000000]IOS-82 [mem 0x00000000fffc0000-0x0000000fffffff] reseve
    0.000] NX (xeutDDisable) protection: active
[    .000000] SMBIOS 2. present.
[    0.000000] Hypervisor detected: KVM
[    0.000000e820: last_pfn= 3fff0 m_ach_pfn = 0x400000000
[    0.000000] MTRR: Disabled
[    0.000000] x86/PAT MTRRs disabled siping PAT iitlization to
   0.000]CPU MTRRs all ban- virtualized sysm.
[    0000] x6/T: Confguration [-7 WB  T  UC- UC  WB  WT  UC- UC  
[    0.000000] found SMP M-table t [em 0x009ff0-0x0009ffff] mapped at [ffff88000009fff0]
[    0.000000] Scanning 1 areas for low memory corruption
[    0.000000] RAMDISK: [mem0x36c0000-0x37557fff]
   0.0000 ACPI:ar table checks vriicti disbl
[   00000 ACP: SD0x0000000E000 004 (v02 VBOX  )[   .000] AI:XST 0x000000003FFF0030 00003C (v01 VBOX   VBOXXSDT 00000001 ASL  000000061)
[   .00000] ACPI: FACPx000000FF000 004 (v04 VBX VBXFA 000001 AS 0000061)
[    0.0000] CP: DT 0x00000FFF070021FF(v VOX   OXIOS 00000002IN 2100528)
[  .000000] PI FCSx0000000FF200 000040
[   .0000] CPI: FAC0x00003FFF0200 000040
[   0.000] ACPI: PI 0x000003FF0240 000 (v0VBX   VBOXAPIC00000001 SL 00000061
   00000]ACPI: SSD 000000003FFF02A0 0001CC (v01 VBOX   BOCPT 0000000INTL 01052
[    0.0000] o MAonfiurtion found   0.0000] akinga deat [mm 000000000000-000000feff]
  0.00000] NO_DA(0) aocated [mem 0x3ffeb000-0x3ffeffff]
[    0.00000] m-lok: Usingsrs 4b564d01and 4b564d00
[    0.000000] kvm--clock: pu 0, msr 0:3ffe3001, primary cpu clock
[    0.000000] kvm-cck: using sched offset of 3882271718 cycles
[  0.000000] clocksource: kvm-clock: mask: 0xffffffffffffffff m_cycl: x1cd42e4dffb, max_idle_: 159059183 
[    0.000000]Zo rnges
[   0.00000  MA   [m 0x00000000100x00000000ffff
[  000000]   D32   [mm 0000000001000000-0x000000003ffeffff]
[    0.000000]   Normal   empty
[    0.000000]   Devic  empty[    0.0000] Moab zonestt or acnoe
[  000000 Elymemoy derage
[   0.00]   od  : [emx000000001000x000000fff]
[   00000  ode  0:[m 0x0000001000-0x000000003ffeffff]
[    0.000000] Initmem setup node 0 [mem 0x000000000010000x00003ffff]
[  000000 API P-TerIO Prt0x008[   0.000] OAPIC]:apicd  verio32 addes0xec00000, GSI 023
[  0.0000] CP INT_SR_OR us 0 bs_q 0 lol_rq 2fldfl)
[    .00000] ACPI: NT_SRC_R (bs bu_irq9 loalirq 9owleel)
  0.000000Usg AC (ADT) fr P onfigurtion information
[    0.0000 smoo Allowing  Cs,0 hotplug CPUs
[    0.000000] PM: Registered nosave memory: [mem 0x00000000-0x00000fff]
[    0.000000] PM: Registered nosave memory: [mem 0x0009f000-0x0009ffff]
[    0.000000] PM: Registered nosave memory: [mem 0x000a0000-0x000effff]
[    0.000000] PM: Registered nosave memory: [mem 0x000f0000-0x000fffff]
[    0.000000] e820: [mem 0x40000000-0xfebfffff] avlale r CIdevices[    0.000000] Booting paravirtualized kernel on KVM
[    0.000000] clocksource: refined-jiffies: mask: 0xffffffff max_cycles: 0xffffffff, max_idle_ns: 7645519600211568 n
[   0.000000] setup_prc: NRCP:52 nrcpas_bs:51 nr_cpuid:2 nr_node_ids:1
[   000000 PRCU:Emeded4 ags/cpu @ff8803c00000s944r81 d528 u1486
[  0.0000]V spinochah table ntes 2 (der: , 96byts)[    00000 Buil1 onelistsn od ode mbility gouin o.  Tot pges: 2793
[   00000] liy zoe:MA2   0.00] Kerne cmad lie:OOT_AG/boot/vmlnu4.4.-1-gnericro=LABL=ouimg-rootfso onsoe=y1consoe=yS
[   0.000]PIhah taleentrie: 96 (rd: , 3276byes
[   000000] mory10684K0420K avaabe (830kern ce, 13K data,99  rodata, 50K init,13K bs, 43K resve, 0K cmaesrved
[   0000000] SLUB: HWaig64, Order=0-3, MinObjects=0, CPUs=2, Nodes=1
[    0.000000] Kernel/User pae tabes isolio: enbl
    00000]ierchical RCU impmetation.
[  0.000000] 	Build-time adjustment of leaf fanou t64
  0.0000 	U retrtig Us fom NR_CUS12 to nr_cpu_ids=2.
[    0.000000] RCU: Adjusting geometry for rcu_fanot_eaf=4,r_puid=2
[    .000] NR_IRQS334 nr_iqs4016[  0.0000] onso: coouVG+ 80x2
[    0.000000] console [tty1] enabled
[    0.00000] onsol[tyS0] enabled
[    0.000000] tsc: Detected 2700.000 MHz processor
[   20.853003] Calibrating delay loop (skipped) preset value.. 5400.00 BogoMIPS (lpj=10800000)
[   20.855936] pid_max: default: 32768 minimum: 301
[ 20857778] ACPI: Core revision 20150930
[   20.948928] ACPI: 2 ACPI AML tables successfully acquired and loaded
[   21.041759] Security Framework initialized
[   21.088271] Yama: becoming mindful.
[   21.111917]AppArmor: AppArmor initialized
[   21.161965] Dentry cache hash table entries: 131072 (order: 8, 1048576 bytes)
[   21.198607] Inode-ache hash table entries: 65536 (order: 7, 524288 bytes)
[   21.356170] Mount-cache hash table entries: 2048 (order: 2, 16384 bytes)
[   21.492833] Mountpoint-cache hash table entries: 2048 (order: 2, 16384 bytes)
[   21.624427] Initializing cgroup subsys io
[   21.701557] Initializing cgroup subsys memory
[   21.781946] Initializing cgroup subsys devices
[   21.868773] Initializing cgroup subsys freezer
[   21.948160] Initializing cgroup subsys net_cls
[   22.023880] Initializing cgroup subsys perf_event
[   22.110983] Initializing cgroup subsys net_prio
[   22.191668] Initializing cgroup subsys hugetlb
[   22.281560] Initializing cgroup subsys pids
[   22.374016] CPU: Physical Processor ID: 0
[   22.450121] CPU: Processor Core ID: 0
[   22.520669] FEATURE SPEC_CTRL Not Present
[   22.581218] mce: CPU supports 0 MCE banks
[   22.661502] Last level iTLB entries: 4KB 64, 2MB 8, 4MB 8
[   22.729631] Last level dTLB entries: 4KB 64, 2MB 0, 4MB 0, 1GB 4
[   22.821634] Spectre V2 mitigation: Mitigation: Full generic retpoline
[   22.837152] Spectre V2 mitigation: Speculation control IBPB not-supported IBRS not-supported
[   22.841854] Freeing SMP alternatives memory: 32K
[   22.926998] ftrace: allocating 32186 entries in 126 pages
[   23.066423] smpboot: APIC(0) Converting physical 0 to logical package 0
[   23.144014] smpboot: Max logical packages: 1
[   23.235445] x2apic enabled
[   23.272472] Switched APIC routing to physical x2apic.
[   23.374800] ..TIMER: vector=0x30 apic1=0 pin1=2 apic2=-1 pin2=-1
[   23.604358] smpboot: CPU0: Intel(R) Core(TM) i5-5257U CPU @ 2.70GHz (family: 0x6, model: 0x3d, stepping: 0x4)
[   23.806483] Performance Events: unsupported p6 CPU model 61 no PMU driver, software events only.
[   23.961425] KVM setup paravirtual spinlock
[   24.031326] x86: Booting SMP configuration:
[   24.109509] .... node  #0, CPUs:      #1
[   24.184670] kvm-clock: cpu 1, msr 0:3ffe3041, secondary cpu clock
[   24.224651] mce: CPU supports 0 MCE banks
[   24.242674] x86: Booted up 1 node, 2 CPUs
[   24.298242] smpboot: Total of 2 processors activated (10800.00 BogoMIPS)
[   24.394536] devtmpfs: initialized
[   24.436935] evm: security.selinux
[   24.489434] evm: security.SMACK64
[   24.538142] evm: security.SMACK64EXEC
[   24.604477] evm: security.SMACK64TRANSMUTE
[   24.654420] evm: security.SMACK64MMAP
[   24.681410] evm: security.ima
[   24.682519] evm: security.capability
[   24.697716] clocksource: jiffies: mask: 0xffffffff max_cycles: 0xffffffff, max_idle_ns: 7645041785100000 ns
[   24.790073] futex hash table entries: 512 (order: 3, 32768 bytes)
[   24.799143] pinctrl core: initialized pinctrl subsystem
[   24.840001] RTC time:  2:18:02, date: 04/05/18
[   24.901509] NET: Registered protocol family 16
[   24.969852] cpuidle: using governor ladder
[   25.009568] cpuidle: using governor menu
[   25.048349] PCCT header not found.
[   25.061958] ACPI: bus type PCI registered
[   25.065374] acpiphp: ACPI Hot Plug PCI Controller Driver version: 0.5
[   25.118130] PCI: Using configuration type 1 for base access
[   25.194631] ACPI: Added _OSI(Module Device)
[   25.241559] ACPI: Added _OSI(Processor Device)
[   25.293886] ACPI: Added _OSI(3.0 _SCP Extensions)
[   25.320209] ACPI: Added _OSI(Processor Aggregator Device)
[   25.371189] ACPI: Executed 1 blocks of module-level executable AML code
[   25.438315] ACPI: Interpreter enabled
[   25.480660] ACPI: (supports S0 S5)
[   25.485456] ACPI: Using IOAPIC for interrupt routing
[   25.524741] PCI: Using host bridge windows from ACPI; if necessary, use "pci=nocrs" and report a bug
[   25.641272] ACPI: PCI Root Bridge [PCI0] (domain 0000 [bus 00-ff])
[   25.702468] acpi PNP0A03:00: _OSC: OS supports [ASPM ClockPM Segments MSI]
[   25.770033] acpi PNP0A03:00: _OSC: not requesting OS control; OS requires [ExtendedConfig ASPM ClockPM MSI]
[   25.904039] acpi PNP0A03:00: fail to add MMCONFIG information, can't access extended PCI configuration space under this bridge.
[   26.053780] PCI host bridge to bus 0000:00
[   26.114245] pci_bus 0000:00: root bus resource [io  0x0000-0x0cf7 window]
[   26.142268] pci_bus 0000:00: root bus resource [io  0x0d00-0xffff window]
[   26.178861] pci_bus 0000:00: root bus resource [mem 0x000a0000-0x000bffff window]
[   26.217797] pci_bus 0000:00: root bus resource [mem 0x40000000-0xfdffffff window]
[   26.257367] pci_bus 0000:00: root bus resource [bus 00-ff]
[   26.296554] pci 0000:00:01.1: legacy IDE quirk: reg 0x10: [io  0x01f0-0x01f7]
[   26.350362] pci 0000:00:01.1: legacy IDE quirk: reg 0x14: [io  0x03f6]
[   26.413151] pci 0000:00:01.1: legacy IDE quirk: reg 0x18: [io  0x0170-0x0177]
[   26.510205] pci 0000:00:01.1: legacy IDE quirk: reg 0x1c: [io  0x0376]
[   26.615274] pci 0000:00:07.0: quirk: [io  0x4000-0x403f] claimed by PIIX4 ACPI
[   26.689361] pci 0000:00:07.0: quirk: [io  0x4100-0x410f] claimed by PIIX4 SMB
[   26.760327] ACPI: PCI Interrupt Link [LNKA] (IRQs 5 9 10 *11)
[   26.840716] ACPI: PCI Interrupt Link [LNKB] (IRQs 5 9 *10 11)
[   26.888797] ACPI: PCI Interrupt Link [LNKC] (IRQs 5 *9 10 11)
[   26.900127] ACPI: PCI Interrupt Link [LNKD] (IRQs 5 9 10 *11)
[   26.931665] ACPI: Enabled 2 GPEs in block 00 to 07
[   26.950774] vgaarb: setting as boot device: PCI:0000:00:02.0
[   27.014674] vgaarb: device added: PCI:0000:00:02.0,decodes=io+mem,owns=io+mem,locks=none
[   27.091250] vgaarb: loaded
[   27.119606] vgaarb: bridge control possible 0000:00:02.0
[   27.160540] SCSI subsystem initialized
[   27.189670] ACPI: bus type USB registered
[   27.223447] usbcore: registered new interface driver usbfs
[   27.239025] usbcore: registered new interface driver hub
[   27.252952] usbcore: registered new device driver usb
[   27.267068] PCI: Using ACPI for IRQ routing
[   27.280914] NetLabel: Initializing
[   27.308437] NetLabel:  domain hash size = 128
[   27.310329] NetLabel:  protocols = UNLABELED CIPSOv4
[   27.312862] NetLabel:  unlabeled traffic allowed by default
[   27.317498] amd_nb: Cannot enumerate AMD northbridges
[   27.322324] clocksource: Switched to clocksource kvm-clock
[   27.357967] AppArmor: AppArmor Filesystem Enabled
[   27.369006] pnp: PnP ACPI init
[   27.374996] pnp: PnP ACPI: found 3 devices
[   27.390776] clocksource: acpi_pm: mask: 0xffffff max_cycles: 0xffffff, max_idle_ns: 2085701024 ns
[   27.403935] NET: Registered protocol family 2
[   27.439057] TCP established hash table entries: 8192 (order: 4, 65536 bytes)
[   27.444041] TCP bind hash table entries: 8192 (order: 5, 131072 bytes)
[   27.498827] TCP: Hash tables configured (established 8192 bind 8192)
[   27.549229] UDP hash table entries: 512 (order: 2, 16384 bytes)
[   27.571724] UDP-Lite hash table entries: 512 (order: 2, 16384 bytes)
[   27.610159] NET: Registered protocol family 1
[   27.650876] pci 0000:00:00.0: Limiting direct PCI/PCI transfers
[   27.665239] pci 0000:00:01.0: Accivating ISA DMA hang workarounds
[   27.709900] Unpacking initramfs...
[   29.519467] Freeing initrd memory: 10848K
[   29.553389] RAPL PMU detected, API unit is 2^-32 Joules, 4 fixed counters 10737418240 ms ovfl timer
[   29.558167] hw unit of domain pp0-core 2^-0 Joules
[   29.562287] hw unit of domain package 2^-0 Joules
[   29.576116] hw unit of domain dram 2^-0 Joules
[   29.593165] hw unit of domain pp1-gpu 2^-0 Joules
[   29.614523] platform rtc_cmos: registered platform RTC device (nooPNP device found)
[   29.664994] Scanning for low memory corruption every 60 seconds
[   29.765094] audit: initializing netlink subsys (disabled)
[   29.793100] audit: type=2000 audit(1522894666.328:1): initialized
[   29.930907] Initialise system trusted keyring
[   30.023442] HugeTLB registered 2 MB page size, pre-allocated 0 pages
[   30.112650] zbud: loaded
[   30.161354] VFS: Disk quotas dquot_6.6.0
[   30.187410] VFS: Dquot-cache hash table entries: 512 (order 0, 4096 bytes)
[   30.268968] squashfs: version 4.0 (2009/01/31) Phillip Lougher
[   30.319705] fuse init (API version 7.23)
[   30.409350] Key type big_key registered
[   30.463349] Allocating IMA MOK and blacklist keyrings.
[   30.470179] Key type asymmetric registered
[   30.547836] Asymmetric key parser 'x509' registered
[   30.631206] tsc: Refined TSC clocksource calibration: 2706.271 MHz
[   30.708877] clocksource: tsc: mask: 0xffffffffffffffff max_cycles: 0x27026267ff7, max_idle_ns: 440795252508 ns
[   30.711173] Block layer SCSI generic (bsg) driver version 0.4 loaded (major 249)
[   30.711429] io scheduler noop registered
[   30.711433] io scheduler deadline registered (default)
[   30.711501] io scheduler cfq registered
[   30.712007] pci_hotplug: PCI Hot Plug PCI Core version: 0.5
[   30.712023] pciehp: PCI Express Hot Plug Controller Driver version: 0.4
[   30.713372] ACPI: AC Adapter [AC] (on-line)
[   30.713457] input: Power Button as /devices/LNXSYSTM:00/LNXPWRBN:00/input/input0
[   30.713461] ACPI: Power Button [PWRF]
[   30.713655] input: Sleep Button as /devices/LNXSYSTM:00/LNXSLPBN:00/input/input1
[   30.713658] ACPI: Sleep Button [SLPF]
[   30.713927] GHES: HEST is not enabled!
[   30.716310] ACPI: Battery Slot [BAT0] (battery present)
[   30.786693] Serial: 8250/16550 driver, 32 ports, IRQ sharing enabled
[   30.827626] 00:02: ttyS0 at I/O 0x3f8 (irq = 4, base_baud = 115200) is a 16550A
[   30.873810] Linux agpgart interface v0.103
[   30.915453] loop: module loaded
[   30.916058] scsi host0: ata_piix
[   30.916109] scsi host1: ata_piix
[   30.916137] ata1: PATA max UDMA/33 cmd 0x1f0 ctl 0x3f6 bmdma 0xd000 irq 14
[   30.916138] ata2: PATA max UDMA/33 cmd 0x170 ctl 0x376 bmdma 0xd008 irq 15
[   30.916209] libphy: Fixed MDIO Bus: probed
[   30.916211] tun: Universal TUN/TAP device driver, 1.6
[   30.916212] tun: (C) 1999-2004 Max Krasnyansky <maxk@qualcomm.com>
[   30.916654] PPP generic driver version 2.4.2
[   30.916742] ehci_hcd: USB 2.0 'Enhanced' Host Controller (EHCI) Driver
[   30.916748] ehci-pci: EHCI PCI platform driver
[   30.916769] ehci-platform: EHCI generic platform driver
[   30.916782] ohci_hcd: USB 1.1 'Open' Host Controller (OHCI) Driver
[   30.916786] ohci-pci: OHCI PCI platform driver
[   30.916797] ohci-platform: OHCI generic platform driver
[   30.916808] uhci_hcd: USB Universal Host Controller Interface driver
[   30.916919] i8042: PNP: PS/2 Controller [PNP0303:PS2K,PNP0f03:PS2M] at 0x60,0x64 irq 1,12
[   30.917402] serio: i8042 KBD port at 0x60,0x64 irq 1
[   30.917407] serio: i8042 AUX port at 0x60,0x64 irq 12
[   30.917510] mousedev: PS/2 mouse device common for all mice
[   30.917758] input: AT Translated Set 2 keyboard as /devices/platform/i8042/serio0/input/input2
[   30.918107] rtc_cmos rtc_cmos: rtc core: registered rtc_cmos as rtc0
[   30.918157] rtc_cmos rtc_cmos: alarms up to one day, 114 bytes nvram
[   30.918164] i2c /dev entries driver
[   30.918216] device-mapper: uevent: version 1.0.3
[   30.918264] device-mapper: ioctl: 4.34.0-ioctl (2015-10-28) initialised: dm-devel@redhat.com
[   30.918284] ledtrig-cpu: registered to indicate activity on CPUs
[   30.918896] NET: Registered protocol family 10
[   30.919026] NET: Registered protocol family 17
[   30.919036] Key type dns_resolver registered
[   30.919165] microcode: CPU0 sig=0x306d4, pf=0x40, revision=0x0
[   30.920983] microcode: CPU1 sig=0x306d4, pf=0x40, revision=0x0
[   30.921011] microcode: Microcode Update Driver: v2.01 <tigran@aivazian.fsnet.co.uk>, Peter Oruba
[   30.921117] registered taskstats version 1
[   30.921129] Loading compiled-in X.509 certificates
[   30.921687] Loaded X.509 cert 'Build time autogenerated kernel key: aa84f01984fbd529c105810b59e379d349698248'
[   30.921703] zswap: loaded using pool lzo/zbud
[   30.923218] Key type trusted registered
[   30.925398] Key type encrypted registered
[   30.925403] AppArmor: AppArmor sha1 policy hashing enabled
[   30.925405] ima: No TPM chip found, activating TPM-bypass!
[   30.925421] evm: HMAC attrs: 0x1
[   30.925830]   Magic number: 14:840:307
[   30.925850] tty tty36: hash matches
[   30.946156] rtc_cmos rtc_cmos: setting system clock to 2018-04-05 02:18:08 UTC (1522894688)
[   30.946272] BIOS EDD facility v0.16 2004-Jun-25, 0 devices found
[   30.946272] EDD information not available.
[   33.665001] Freeing unused kernel memory: 1508K
[   33.682540] Write protecting the kernel read-only data: 14336k
[   33.740229] Freeing unused kernel memory: 1700K
[   33.797065] Freeing unused kernel memory: 104K
Loading, please [   34.654366] random: systemd-udevd: uninitialized urandom read (16 bytes read, 9 bits of entropy available)
wait...
starting version 229
[   34.655196] random: udevadm: uninitialized urandom read (16 bytes read, 9 bits of entropy available)
[   34.655216] random: udevadm: uninitialized urandom read (16 bytes read, 9 bits of entropy available)
[   34.664512] random: udevadm: uninitialized urandom read (16 bytes read, 9 bits of entropy available)
[   34.664554] random: udevadm: uninitialized urandom read (16 bytes read, 9 bits of entropy available)
[   34.664671] random: udevadm: uninitialized urandom read (16 bytes read, 9 bits of entropy available)
[   34.664717] random: udevadm: uninitialized urandom read (16 bytes read, 9 bits of entropy available)
[   34.664760] random: udevadm: uninitialized urandom read (16 bytes read, 9 bits of entropy available)
[   34.664803] random: udevadm: uninitialized urandom read (16 bytes read, 9 bits of entropy available)
[   34.664844] random: udevadm: uninitialized urandom read (16 bytes read, 9 bits of entropy available)
[   35.774726] e1000: Intel(R) PRO/1000 Network Driver - version 7.3.21-k8-NAPI
[   35.793707] e1000: Copyright (c) 1999-2006 Intel Corporation.
[   35.846089] Fusion MPT base driver 3.04.20
[   35.892970] Copyright (c) 1999-2008 LSI Corporation
[   35.903531] Fusion MPT SPI Host driver 3.04.20
[   35.950076] AVX2 version of gcm_enc/dec engaged.
[   35.957261] AES CTR mode by8 optimization enabled
[   36.099716] input: ImExPS/2 Generic Explorer Mouse as /devices/platform/i8042/serio1/input/input4
[   36.425241] e1000 0000:00:03.0 eth0: (PCI:33MHz:32-bit) 02:24:89:81:87:2f
[   36.435001] e1000 0000:00:03.0 eth0: Intel(R) PRO/1000 Network Connection
[   36.835921] e1000 0000:00:08.0 eth1: (PCI:33MHz:32-bit) 08:00:27:bd:e4:ae
[   36.921808] e1000 0000:00:08.0 eth1: Intel(R) PRO/1000 Network Connection
[   37.004369] mptbase: ioc0: Initiating bringup
[   37.054757] e1000 0000:00:08.0 enp0s8: renamed from eth1
[   37.079673] e1000 0000:00:03.0 enp0s3: renamed from eth0
[   37.126911] ioc0: LSI53C1030 A0: Capabilities={Initiator}
[   37.291152] scsi host2: ioc0: LSI53C1030 A0, FwRev=00000000h, Ports=1, MaxQ=256, IRQ=20
[   37.475205] scsi 2:0:0:0: Direct-Access     VBOX     HARDDISK         1.0  PQ: 0 ANSI: 5
[   37.631271] scsi target2:0:0: Beginning Domain Validation
[   37.666729] scsi target2:0:0: Domain Validation skipping write tests
[   37.781647] scsi target2:0:0: Ending Domain Validation
[   37.823814] scsi target2:0:0: asynchronous
[   37.890681] scsi 2:0:1:0: Direct-Access     VBOX     HARDDISK         1.0  PQ: 0 ANSI: 5
[   37.924773] scsi target2:0:1: Beginning Domain Validation
[   38.024137] scsi target2:0:1: Domain Validation skipping write tests
[   38.044877] scsi target2:0:1: Ending Domain Validation
[   38.046792] scsi target2:0:1: asynchronous
[   38.090190] sd 2:0:0:0: [sda] 20971520 512-byte logical blocks: (10.7 GB/10.0 GiB)
[   38.090313] sd 2:0:0:0: Attached scsi generic sg0 type 0
[   38.175849] sd 2:0:1:0: Attached scsi generic sg1 type 0
[   38.282615] sd 2:0:1:0: [sdb] 20480 512-byte logical blocks: (10.5 MB/10.0 MiB)
[   38.363020] sd 2:0:0:0: [sda] Write Protect is off
[   39.003146] floppy0: no floppy controllers found
[   39.003288] sd 2:0:0:0: [sda] Incomplete mode parameter data
[   39.003290] sd 2:0:0:0: [sda] Assuming drive cache: write through
[   39.171416] sd 2:0:1:0: [sdb] Write Protect is off
[   39.171605] sd 2:0:1:0: [sdb] Incomplete mode parameter data
[   39.171606] sd 2:0:1:0: [sdb] Assuming drive cache: write through
[   39.173348]  sda: sda1
[   39.174476] sd 2:0:0:0: [sda] Attached SCSI disk
[   39.174734] sd 2:0:1:0: [sdb] Attached SCSI disk
Begin: Loading e[   40.855882] md: linear personality registered for level -1
ssential drivers[   40.954531] md: multipath personality registered for level -4
 ... [   41.037758] md: raid0 personality registered for level 0
[   41.107767] md: raid1 personality registered for level 1
[   41.262340] raid6: sse2x1   gen()  8730 MB/s
[   41.386500] raid6: sse2x1   xor()  6932 MB/s
[   41.502445] raid6: sse2x2   gen() 11454 MB/s
[   41.586870] raid6: sse2x2   xor()  7805 MB/s
[   41.710427] raid6: sse2x4   gen() 13484 MB/s
[   41.830529] raid6: sse2x4   xor()  9100 MB/s
[   41.926444] raid6: avx2x1   gen() 11581 MB/s
[   42.046584] raid6: avx2x2   gen() 20878 MB/s
[   42.154614] raid6: avx2x4   gen() 24374 MB/s
[   42.207781] raid6: using algorithm avx2x4 gen() 24374 MB/s
[   42.277763] raid6: using avx2x2 recovery algorithm
[   42.323968] xor: automatically using best checksumming function:
[   42.414453]    avx       : 10071.000 MB/sec
[   42.431322] async_tx: api initialized (async)
[   42.463073] md: raid6 personality registered for level 6
[   42.505102] md: raid5 personality registered for level 5
[   42.551412] md: raid4 personality registered for level 4
[   42.636810] md: raid10 personality registered for level 10
done.
Begin: Running /scripts/init-p[   42.775460] Btrfs loaded
remount ... done.
Begin: Mounting root file system ... Begin: Running /scripts/local-top ... done.
Begin: Running /scripts/local-premount ... Scanning for Btrfs filesystems
done.
Warning: fsck no[   42.830813] EXT4-fs (sda1): mounted filesystem with ordered data mode. Opts: (null)
t present, so skipping root file system
done.
Begin: Running /scripts/local-bottom ... done.
Begin: Running /scripts/init-bottom ... done.
[   43.064253] systemd[1]: systemd 229 running in system mode. (+PAM +AUDIT +SELINUX +IMA +APPARMOR +SMACK +SYSVINIT +UTMP +LIBCRYPTSETUP +GCRYPT +GNUTLS +ACL +XZ -LZ4 +SECCOMP +BLKID +ELFUTILS +KMOD -IDN)
[   43.259738] systemd[1]: Detected virtualization oracle.
[   43.323223] systemd[1]: Detected architecture x86-64.

Welcome to [1mUbuntu 16.04.4 LTS[0m!

[   43.460426] systemd[1]: Set hostname to <ubuntu>.
[   43.531431] systemd[1]: Initializing machine ID from random generator.
[   43.682083] systemd[1]: Installed transient /etc/machine-id file.
[   43.943111] random: nonblocking pool is initialized
[   44.021761] systemd[1]: Reached target Encrypted Volumes.
[[0;32m  OK  [0m] Reached target Encrypted Volumes.
[   44.139324] systemd[1]: Started Forward Password Requests to Wall Directory Watch.
[[0;32m  OK  [0m] Started Forward Password Requests to Wall Directory Watch.
[   44.191407] systemd[1]: Listening on udev Kernel Socket.
[[0;32m  OK  [0m] Listening on udev Kernel Socket.
[   44.263587] systemd[1]: Listening on Syslog Socket.
[[0;32m  OK  [0m] Listening on Syslog Socket.
[   44.373582] systemd[1]: Started Trigger resolvconf update for networkd DNS.
[[0;32m  OK  [0m] Started Trigger resolvconf update for networkd DNS.
[   44.538853] systemd[1]: Listening on Device-mapper event daemon FIFOs.
[[0;32m  OK  [0m] Listening on Device-mapper event daemon FIFOs.
[   44.683117] systemd[1]: Created slice System Slice.
[[0;32m  OK  [0m] Created slice System Slice.
[   44.801634] systemd[1]: Created slice system-serial\x2dgetty.slice.
[[0;32m  OK  [0m] Created slice system-serial\x2dgetty.slice.
[   44.907270] systemd[1]: Reached target Swap.
[[0;32m  OK  [0m] Reached target Swap.
[   44.930984] systemd[1]: Listening on LVM2 poll daemon socket.
[[0;32m  OK  [0m] Listening on LVM2 poll daemon socket.
[   45.027882] systemd[1]: Set up automount Arbitrary Executable File Formats File System Automount Point.
[[0;32m  OK  [0m] Set up automount Arbitrary Executab...ats File System Automount Point.
[   45.238736] systemd[1]: Listening on LVM2 metadata daemon socket.
[[0;32m  OK  [0m] Listening on LVM2 metadata daemon socket.
[   45.291157] systemd[1]: Reached target User and Group Name Lookups.
[[0;32m  OK  [0m] Reached target User and Group Name Lookups.
[   45.329943] systemd[1]: Listening on Journal Socket.
[[0;32m  OK  [0m] Listening on Journal Socket.
[   45.435090] systemd[1]: Mounting Huge Pages File System...
         Mounting Huge Pages File System...
[   45.559113] systemd[1]: Starting Monitoring of LVM2 mirrors, snapshots etc. using dmeventd or progress polling...
         Starting Monitoring of LVM2 mirrors... dmeventd or progress polling...
[   45.771282] systemd[1]: Mounting Debug File System...
         Mounting Debug File System...
[   45.868984] systemd[1]: Starting Remount Root and Kernel File Systems...
[   45.872657] EXT4-fs (sda1): re-mounted. Opts: (null)
         Starting Remount Root and Kernel File Systems...
[   46.107248] systemd[1]: Starting Create list of required static device nodes for the current kernel...
         Starting Create list of required st... nodes for the current kernel...
[   46.302629] systemd[1]: Starting Set console keymap...
         Starting Set console keymap...
[   46.358430] systemd[1]: Listening on /dev/initctl Compatibility Named Pipe.
[[0;32m  OK  [0m] Listening on /dev/initctl Compatibility Named Pipe.
[   46.410595] systemd[1]: Starting Nameserver information manager...
         Starting Nameserver information manager...
[   46.463517] systemd[1]: Listening on Journal Socket (/dev/log).
[[0;32m  OK  [0m] Listening on Journal Socket (/dev/log).
[   46.611165] systemd[1]: Mounting POSIX Message Queue File System...
         Mounting POSIX Message Queue File System...
[   46.742954] systemd[1]: Starting Load Kernel Modules...
[   .794 Ldi iSIrasport as v0-0.
         Starting Load Ke[   47.335944] iscsi: registered transport (tcp)
rnel Modules...
[   47.422872] systemd[1]: Starting Uncomplicated firewall...
         Startin[   47.427429] iscsi: registered transport (iser)
g Uncomplicated firewall...
[   47.498837] systemd[1]: Listening on Journal Audit Socket.
[[0;32m  OK  [0m] Listening on Journal Audit Socket.
[   47.563276] systemd[1]: Starting Journal Service...
         Starting Journal Service...
[   47.663916] systemd[1]: Created slice User and Session Slice.
[[0;32m  OK  [0m] Created slice User and Session Slice.
[   47.778964] systemd[1]: Reached target Slices.
[[0;32m  OK  [0m] Reached target Slices.
[   47.867825] systemd[1]: Listening on udev Control Socket.
[[0;32m  OK  [0m] Listening on udev Control Socket.
[   48.035840] systemd[1]: Mounted Debug File System.
[[0;32m  OK  [0m] Mounted Debug File System.
[   48.138942] systemd[1]: Mounted POSIX Message Queue File System.
[[0;32m  OK  [0m] Mounted POSIX Message Queue File System.
[   48.263290] systemd[1]: Mounted Huge Pages File System.
[[0;32m  OK  [0m] Mounted Huge Pages File System.
[   48.423141] systemd[1]: Started Journal Service.
[[0;32m  OK  [0m] Started Journal Service.
[[0;32m  OK  [0m] Started Remount Root and Kernel File Systems.
[[0;32m  OK  [0m] Started Create list of required sta...ce nodes for the current kernel.
[[0;32m  OK  [0m] Started Set console keymap.
[[0;32m  OK  [0m] Started Load Kernel Modules.
[[0;32m  OK  [0m] Started Uncomplicated firewall.
[[0;32m  OK  [0m] Started Nameserver information manager.
[[0;32m  OK  [0m] Started LVM2 metadata daemon.
         Mounting FUSE Control File System...
         Starting Apply Kernel Variables...
         Starting Create Static Device Nodes in /dev...
         Starting Initial cloud-init job (pre-networking)...
         Starting udev Coldplug all Devices...
         Starting Load/Save Random Seed...
         Starting Flush Journal to Persistent Storage...
[[0;32m  OK  [0m] Mounted FUSE Control File System.
[[0;32m  OK  [0m] Started Monitoring of LVM2 mirrors,...ng dmeventd or progress polling.
[[0;32m  OK  [0m] Started Apply Kernel Variables.
[[0;32m  OK  [0m] Started Create Static Device Nodes in /dev.
[[0;32m  OK  [0m] Started Load/Save Random Seed.
[[0;32m  OK  [0m] Started Flush Journal to Persistent Storage.
[[0;32m  OK  [0m] Started udev Coldplug all Devices.
         Starting udev Kernel Device Manager...
[[0;32m  OK  [0m] Started udev Kernel Device Manager.
[[0;32m  OK  [0m] Reached target Local File Systems (Pre).
[[0;32m  OK  [0m] Reached target Local File Systems.
         Starting LSB: AppArmor initialization...
         Starting Commit a transient machine-id on disk...
         Starting Create Volatile Files and Directories...
         Starting Tell Plymouth To Write Out Runtime Data...
         Starting Set console font and keymap...
[[0;32m  OK  [0m] Started Dispatch Password Requests to Console Directory Watch.
[[0;32m  OK  [0m] Started Commit a transient machine-id on disk.
[[0;32m  OK  [0m] Started Create Volatile Files and Directories.
[[0;32m  OK  [0m] Started Tell Plymouth To Write Out Runtime Data.
[[0;32m  OK  [0m] Found device /dev/ttyS0.
[   23.463080] cloud-init[450]: Cloud-init v. 17.1 running 'init-local' at Thu, 05 Apr 2018 02:18:27 +0000. Up 22.96 seconds.
[[0;32m  OK  [0m] Started Initial cloud-init job (pre-networking).
[[0;32m  OK  [0m] Listening on Load/Save RF Kill Switch Status /dev/rfkill Watch.
[[0;32m  OK  [0m] Reached target Network (Pre).
[[0;32m  OK  [0m] Reached target System Time Synchronized.
         Starting Update UTMP about System Boot/Shutdown...
[[0;32m  OK  [0m] Started LSB: AppArmor initialization.
[[0;32m  OK  [0m] Started Set console font and keymap.
[[0;32m  OK  [0m] Found device 82540EM Gigabit Ethern...r (PRO/1000 MT Desktop Adapter).
[[0;32m  OK  [0m] Started Update UTMP about System Boot/Shutdown.
[[0;32m  OK  [0m] Created slice system-getty.slice.
         Starting Raise network interfaces...
[[0;32m  OK  [0m] Started ifup for enp0s3.
[[0;32m  OK  [0m] Started Raise network interfaces.
         Starting Initial cloud-init job (metadata service crawler)...
[[0;32m  OK  [0m] Reached target Network.
[   27.618939] cloud-init[956]: Cloud-init v. 17.1 running 'init' at Thu, 05 Apr 2018 02:18:30 +0000. Up 26.55 seconds.
[   27.684929] cloud-init[956]: ci-info: ++++++++++++++++++++++++++++++++++++++Net device info++++++++++++++++++++++++++++++++++++++
[   27.685670] cloud-init[956]: ci-info: +--------+-------+----------------------------+---------------+-------+-------------------+
[[0;32m  OK  [0m] Started Initial cloud-init job (metadata service crawler).
[   27.686590] cloud-init[956]: ci-info: | Device |   Up  |          Address           |      Mask     | Scope |     Hw-Address    |
[   27.686781] cloud-init[956]: ci-info: +--------+-------+----------------------------+---------------+-------+-------------------+
[   27.687215] cloud-init[956]: ci-info: | enp0s3 |  True |         10.0.2.15          | 255.255.255.0 |   .   | 02:24:89:81:87:2f |
[   28.465373] cloud-init[956]: ci-info: | enp0s3 |  True | fe80::24:89ff:fe81:872f/64 |       .       |  link | 02:24:89:81:87:2f |
[   28.466155] cloud-init[956]: ci-info: | enp0s8 | False |             .              |       .       |   .   | 08:00:27:bd:e4:ae |
[[0;32m  OK  [0m] Reached target Cloud-config availability.
[   28.466494] cloud-init[956]: ci-info: |   lo   |  True |         127.0.0.1          |   255.0.0.0   |   .   |         .         |
[[0;32m  OK  [0m] Reached target System Initialization.
[   28.806192] cloud-init[956]: ci-info: |   lo   |  True |          ::1/128           |       .       |  host |         .         |
[   28.976549] cloud-init[956]: ci-info: +--------+-------+----------------------------+---------------+-------+-------------------+
[[0;32m  OK  [0m] Listening on ACPID Listen Socket.
[[   28.976761] cloud-init[956]: ci-info: +++++++++++++++++++++++++++Route IPv4 info++++++++++++++++++++++++++++
[0;32m  OK  [0m] Started Daily apt download activities.
[   29.350020] cloud-init[956]: ci-info: +-------+-------------+----------+---------------+-----------+-------+
[   29.593037] cloud-init[956]: ci-info: | Route | Destination | Gateway  |    Genmask    | Interface | Flags |
[   29.593899] cloud-init[956]: ci-info: +-------+-------------+----------+---------------+-----------+-------+
[[0;32m  OK  [0m] Started Timer to automatically refresh installed snaps.
[   29.594275] cloud-init[956]: ci-info: |   0   |   0.0.0.0   | 10.0.2.2 |    0.0.0.0    |   enp0s3  |   UG  |
[   29.938404] cloud-init[956]: ci-info: |   1   |   10.0.2.0  | 0.0.0.0  | 255.255.255.0 |   enp0s3  |   U   |
[   29.939239] cloud-init[956]: ci-info: +-------+-------------+----------+---------------+-----------+-------+
         Starting Socket activation for snappy daemon.
[[   29.939711] cloud-init[956]: Generating public/private rsa key pair.
[0;32m  OK  [0m] Started Daily Cleanup of Temporary Directories.
[   30.254990] cloud-init[956]: Your identification has been saved in /etc/ssh/ssh_host_rsa_key.
[   30.417319] cloud-init[956]: Your public key has been saved in /etc/ssh/ssh_host_rsa_key.pub.
         Starting LXD - unix socket.
[   30.417938] cloud-init[956]: The key fingerprint is:
[[   30.587819] cloud-init[956]: SHA256:VWR+TG4aDOKmDthLH8+gkvMAoqGp5nrWvMzriV10Wr0 root@ubuntu-xenial
[   30.588901] cloud-init[956]: The key's randomart image is:
[0;32m  OK  [0m] Started ACPI Events Check.
[[   30.589230] cloud-init[956]: +---[RSA 2048]----+
[0;32m  OK  [0m] [   30.730012] Reached target Paths.cloud-init
[956]: |        . ..+ .  |
[   30.832798] cloud-init[956]: |       . . * +   |
[[0;32m  OK  [0m] Started Daily apt upgrade and clean activities.
[   30.833296] cloud-init[956]: |        o . + =  |
[   30.952671] cloud-init[956]: |   o   o o   =   |
[   30.954320] cloud-init[956]: |+ . + = S . .    |
[[0;32m  OK  [0m] Listening on UUID daemon activation socket.
[   30.954874] [cloud-init[0;32m  OK  [0m[956]: ] |++ o B O   .     |Reached target Timers.

[   31.138433] cloud-init[956]: |+ =oo = o E      |
[   31.139303] cloud-init[956]: |..oXoo           |
[[0;32m  OK  [0m] Listening on D-Bus System Message Bus Socket.
[[   31.139806] cloud-init[956]: |*+..Xo           |
[   31.179785] cloud-init[956]: +----[SHA256]-----+
[0;32m  OK  [0m] Reached target Network is Online.
[   31.180201] cloud-init[956]: Generating public/private dsa key pair.
[   31.337546] cloud-init[956]: Your identification has been saved in /etc/ssh/ssh_host_dsa_key.
[   31.338112] cloud-init[956]: Your public key has been saved in /etc/ssh/ssh_host_dsa_key.pub.
         Starting iSCSI initiator daemon (iscsid)...
[   31.338514] cloud-init[956]: The key fingerprint is:
[[   31.537213] cloud-init[956]: SHA256:mvjvGpYaOxLmtZRntyFq9vCOvNz/CxKs7vM1yqI/5Hs root@ubuntu-xenial
[   31.538824] cloud-init[956]: The key's randomart image is:
[0;32m  OK  [0m] Listening on Socket activation for snappy daemon.
[   31.539150] [cloud-init[0;32m  OK  [0m[956]: ] +---[DSA 1024]----+Listening on LXD - unix socket.

[   31.700670] cloud-init[956]: |                 |
[   31.701556] cloud-init[956]: |                 |
[[0;32m  OK  [0m] Started iSCSI initiator daemon (iscsid).
[   31.702353] cloud-init[956]: |                 |
[   31.872660] cloud-init[956]: |     .           |
         Starting Login to default iSCSI targets...
[[0;32m  OK  [0m] Reached target Sockets.
[[0;32m  OK  [0m] Reached target Basic System.
[   31.907971] cloud-init[956]: |     .o S        |
[   32.005886] cloud-init[956]: |  o =o+=o        |
[   32.007027] cloud-init[956]: | o *==Bo+o       |
         Starting LSB: Record successful boot for GRUB...
[   32.007473] cloud-init[956]: |  o+@%E=.o       |
[   32.160825] cloud-init[956]: |  .B%%@=+.o.     |
[   32.161547] cloud-init[956]: +----[SHA256]-----+
         Starting Pollinate to seed the pseudo random number generator...
[   32.162042] cloud-init[956]: Generating public/private ecdsa key pair.
[   32.308875] cloud-init[956]: Your identification has been saved in /etc/ssh/ssh_host_ecdsa_key.
[   32.309491] cloud-init[956]: Your public key has been saved in /etc/ssh/ssh_host_ecdsa_key.pub.
[[0;32m  OK  [0m] Started FUSE filesystem for LXC.
[   32.310545] cloud-init[956]: The key fingerprint is:
[   32.448883] cloud-init[956]: SHA256:MVjXV0qHeCmIxGdcAAbtDSFp0DoEYeRVl6ST4dMErTM root@ubuntu-xenial
[   32.449463] cloud-init[956]: The key's randomart image is:
         Starting System Logging Service...
[   32.449839] cloud-init[956]: +---[ECDSA 256]---+
[   32.586960] cloud-init[956]: | .=oo+*XX*o=...+o|
[   32.587976] cloud-init[956]: | o ...+%B.= +.=o |
         Starting /etc/rc.local Compatibility...
[   32.589079] cloud-init[956]: |  .. oBo+=   +.  |
[   32.709194] cloud-init[956]: |    o Eo.o.      |
[   32.722197] cloud-init[956]: |     . oS        |
[   32.723252] cloud-init[956]: |                 |
         Starting LXD - container startup/shutdown...
[   32.723592] cloud-init[956]: |                 |
         Starting Snappy daemon...
[   32.815228] cloud-init[956]: |                 |
[   32.888702] cloud-init[956]: |                 |
[   32.889553] cloud-init[956]: +----[SHA256]-----+
         Starting LSB: MD monitoring daemon...
[   32.890437] cloud-init[956]: Generating public/private ed25519 key pair.
[[   33.021233] cloud-init[956]: Your identification has been saved in /etc/ssh/ssh_host_ed25519_key.
[   33.022419] cloud-init[956]: Your public key has been saved in /etc/ssh/ssh_host_ed25519_key.pub.
[0;32m  OK  [0m] Started D-Bus System Message Bus.
[   33.023940] cloud-init[956]: The key fingerprint is:
[   33.120980] cloud-init[956]: SHA256:Eh6Gf1vzJoewmzxGBhYX/PxVdL3NGmfSjiRzKDGQdT4 root@ubuntu-xenial
[   33.153384] cloud-init[956]: The key's randomart image is:
[   33.155263] cloud-init[956]: +--[ED25519 256]--+
         Starting Login Service...
[   33.155996] cloud-init[956]: |       .o=. .  .+|
[   33.229372] cloud-init[956]: |     .. + oo    +|
[   33.260961] cloud-init[956]: |    . +o o oE. +o|
[   33.262131] cloud-init[956]: |     +oo  + +.*.*|
[[0;32m  OK  [0m] Started ACPI event daemon.
[   33.262710] cloud-init[956]: |     .+.S oo * O |
         [   33.333489] Starting Accounts Service...cloud-init
[956]: |       oo= +. o .|
[   33.335715] cloud-init[956]: |       oo o +    |
         [   33.429146] Starting Apply the settings specified in cloud-config...cloud-init
[956]: |       .oo +     |
[   33.504722] cloud-init[956]: |       .+.       |
[   33.505154] cloud-init[956]: +----[SHA256]-----+
[[0;32m  OK  [0m] Started Unattended Upgrades Shutdown.
[[0;32m  OK  [0m] Started Regular background program processing daemon.
[[0;32m  OK  [0m] Started Deferred execution scheduler.
[[0;32m  OK  [0m] Started System Logging Service.
[[0;32m  OK  [0m] Started Snappy daemon.
[[0;32m  OK  [0m] Started Pollinate to seed the pseudo random number generator.
[[0;32m  OK  [0m] Started /etc/rc.local Compatibility.
[[0;32m  OK  [0m] Started LXD - container startup/shutdown.
[[0;32m  OK  [0m] Started Login to default iSCSI targets.
[[0;32m  OK  [0m] Started LSB: Record successful boot for GRUB.
[[0;32m  OK  [0m] Started LSB: MD monitoring daemon.
[[0;32m  OK  [0m] Started Login Service.
         Starting Authenticate and Authorize Users to Run Privileged Tasks...
[[0;32m  OK  [0m] Reached target Remote File Systems (Pre).
[[0;32m  OK  [0m] Reached target Remote File Systems.
         Starting Permit User Sessions...
         Starting LSB: Set the CPU Frequency Scaling governor to "ondemand"...
         Starting LSB: automatic crash report generation...
         Starting LSB: daemon to balance interrupts for SMP systems...
         Starting LSB: VirtualBox Linux Additions...
         Starting OpenBSD Secure Shell server...
[[0;32m  OK  [0m] Started Permit User Sessions.
[[0;32m  OK  [0m] Started OpenBSD Secure Shell server.
[[0;32m  OK  [0m] Started Authenticate and Authorize Users to Run Privileged Tasks.
[[0;32m  OK  [0m] Started Accounts Service.
[   34.423941] cloud-init[1163]: Generating locales (this might take a while)...
[[0;32m  OK  [0m] Started LSB: Set the CPU Frequency Scaling governor to "ondemand".
[[0;32m  OK  [0m] Started LSB: daemon to balance interrupts for SMP systems.
[[0;32m  OK  [0m] Created slice User Slice of vagrant.
[[0;32m  OK  [0m] Started Session 1 of user vagrant.
         Starting User Manager for UID 1000...
         Starting Terminate Plymouth Boot Screen...
         Starting Hold until boot process finishes up...
[[0;32m  OK  [0m] Started User Manager for UID 1000.
[[0;32m  OK  [0m] Started LSB: automatic crash report generation.
[[0;32m  OK  [0m] Started LSB: VirtualBox Linux Additions.
[[0;32m  OK  [0m] Started Terminate Plymouth Boot Screen.
[[0;32m  OK  [0m] Started Hold until boot process finishes up.
[[0;32m  OK  [0m] Started Serial Getty on ttyS0.
         Starting Set console scheme...
[[0;32m  OK  [0m] Started Getty on tty1.
[[0;32m  OK  [0m] Reached target Login Prompts.
[[0;32m  OK  [0m] Reached target Multi-User System.
[[0;32m  OK  [0m] Reached target Graphical Interface.
         Starting Update UTMP about System Runlevel Changes...
[[0;32m  OK  [0m] Started Set console scheme.
[   35.333869] cloud-init[1163]:   en_US.UTF-8... done
[   35.392814] cloud-init[1163]: Generation complete.
[[0;32m  OK  [0m] Started Update UTMP about System Runlevel Changes.
[   35.905174] cloud-init[1163]: Cloud-init v. 17.1 running 'modules:config' at Thu, 05 Apr 2018 02:18:38 +0000. Up 34.14 seconds.
[[0;32m  OK  [0m] Started Apply the settings specified in cloud-config.
         Starting Execute cloud user/final scripts...
ci-info: no authorized ssh keys fingerprints found for user ubuntu.
<14>Apr  5 02:18:40 ec2: 
<14>Apr  5 02:18:40 ec2: #############################################################
<14>Apr  5 02:18:40 ec2: -----BEGIN SSH HOST KEY FINGERPRINTS-----
<14>Apr  5 02:18:40 ec2: 1024 SHA256:mvjvGpYaOxLmtZRntyFq9vCOvNz/CxKs7vM1yqI/5Hs root@ubuntu-xenial (DSA)
<14>Apr  5 02:18:40 ec2: 256 SHA256:MVjXV0qHeCmIxGdcAAbtDSFp0DoEYeRVl6ST4dMErTM root@ubuntu-xenial (ECDSA)
<14>Apr  5 02:18:40 ec2: 256 SHA256:Eh6Gf1vzJoewmzxGBhYX/PxVdL3NGmfSjiRzKDGQdT4 root@ubuntu-xenial (ED25519)
<14>Apr  5 02:18:40 ec2: 2048 SHA256:VWR+TG4aDOKmDthLH8+gkvMAoqGp5nrWvMzriV10Wr0 root@ubuntu-xenial (RSA)
<14>Apr  5 02:18:40 ec2: -----END SSH HOST KEY FINGERPRINTS-----
<14>Apr  5 02:18:40 ec2: #############################################################
-----BEGIN SSH HOST KEY KEYS-----
ecdsa-sha2-nistp256 AAAAE2VjZHNhLXNoYTItbmlzdHAyNTYAAAAIbmlzdHAyNTYAAABBBCZT+uO1wZXLrj0I2zfC2/KKvDDmiyR1609JmabXOcPg82+SpiskYqpOkiSwzTA/dztronjUfbs0nIPQ9am+eb8= root@ubuntu-xenial
ssh-ed25519 AAAAC3NzaC1lZDI1NTE5AAAAIH8vuSOHRa7sh/XwIlYZ/Ng7YI+B4Svst813jBahcJ5s root@ubuntu-xenial
ssh-rsa AAAAB3NzaC1yc2EAAAADAQABAAABAQCwHPvE4SYk7Em0nHkbjYJ4eqV3NpvuNCmPwYe7kP5qm38guN9m2h9M9zP399Rt1OidsmNlAKIFfnjfnrxhYlrqMEq7KoEE3RaLVmhiiwV8RYM7HB9PazmTW2jbpMpu6jUsDabtyKZbhROF38a4DxyF608mT1gSh3UHOM3Zo9mPPJ+QL0M9NkoYu5BjLaiZDMgS8RFYOIT4yFzm/1za3VWjin5hDB9zAIEnALnBzSIH74zLONdsJey6AkBLUZEXCGKrnJ8WixH0gBwgiG34MTFJKlg1qQy33Lqshfns23BVYVpcPU8cb4t+U8xuyMmrxFYU+giOvxt4UX+7mg/CA5sn root@ubuntu-xenial
-----END SSH HOST KEY KEYS-----
         Stopping User Manager for UID 1000...
[   37.358107] cloud-init[1383]: Cloud-init v. 17.1 running 'modules:final' at Thu, 05 Apr 2018 02:18:40 +0000. Up 36.36 seconds.
[   37.500802] cloud-init[1383]: ci-info: no authorized ssh keys fingerprints found for user ubuntu.
[[0;32m  OK  [0m] Stopped User Manager for UID 1000.
[   37.501251] cloud-init[1383]: Cloud-init v. 17.1 finished at Thu, 05 Apr 2018 02:18:41 +0000. Datasource DataSourceNoCloud [seed=/dev/sdb][dsmode=net].  Up 37.35 seconds
[[0;32m  OK  [0m] Started Execute cloud user/final scripts.
[[0;32m  OK  [0m] Removed slice User Slice of vagrant.
[[0;32m  OK  [0m] Reached target Cloud-init target.

Ubuntu 16.04.4 LTS ubuntu-xenial ttyS0

ubuntu-xenial login: 